------------------------------------------------------------
Timing Analyzer Summary
------------------------------------------------------------

Type  : Slow 1200mV 85C Model Setup 'nios_system|sdram_pll|sd1|pll7|clk[0]'
Slack : 3.140
TNS   : 0.000

Type  : Slow 1200mV 85C Model Setup 'main_clk_50'
Slack : 3.300
TNS   : 0.000

Type  : Slow 1200mV 85C Model Setup 'altera_reserved_tck'
Slack : 45.824
TNS   : 0.000

Type  : Slow 1200mV 85C Model Hold 'main_clk_50'
Slack : 0.401
TNS   : 0.000

Type  : Slow 1200mV 85C Model Hold 'nios_system|sdram_pll|sd1|pll7|clk[0]'
Slack : 0.402
TNS   : 0.000

Type  : Slow 1200mV 85C Model Hold 'altera_reserved_tck'
Slack : 0.403
TNS   : 0.000

Type  : Slow 1200mV 85C Model Recovery 'main_clk_50'
Slack : 14.105
TNS   : 0.000

Type  : Slow 1200mV 85C Model Recovery 'nios_system|sdram_pll|sd1|pll7|clk[0]'
Slack : 14.865
TNS   : 0.000

Type  : Slow 1200mV 85C Model Recovery 'altera_reserved_tck'
Slack : 47.535
TNS   : 0.000

Type  : Slow 1200mV 85C Model Removal 'altera_reserved_tck'
Slack : 1.160
TNS   : 0.000

Type  : Slow 1200mV 85C Model Removal 'main_clk_50'
Slack : 2.865
TNS   : 0.000

Type  : Slow 1200mV 85C Model Removal 'nios_system|sdram_pll|sd1|pll7|clk[0]'
Slack : 3.536
TNS   : 0.000

Type  : Slow 1200mV 85C Model Minimum Pulse Width 'main_clk_50'
Slack : 9.622
TNS   : 0.000

Type  : Slow 1200mV 85C Model Minimum Pulse Width 'nios_system|sdram_pll|sd1|pll7|clk[0]'
Slack : 9.696
TNS   : 0.000

Type  : Slow 1200mV 85C Model Minimum Pulse Width 'altera_reserved_tck'
Slack : 49.634
TNS   : 0.000

Type  : Slow 1200mV 0C Model Setup 'nios_system|sdram_pll|sd1|pll7|clk[0]'
Slack : 3.691
TNS   : 0.000

Type  : Slow 1200mV 0C Model Setup 'main_clk_50'
Slack : 4.604
TNS   : 0.000

Type  : Slow 1200mV 0C Model Setup 'altera_reserved_tck'
Slack : 46.225
TNS   : 0.000

Type  : Slow 1200mV 0C Model Hold 'nios_system|sdram_pll|sd1|pll7|clk[0]'
Slack : 0.352
TNS   : 0.000

Type  : Slow 1200mV 0C Model Hold 'main_clk_50'
Slack : 0.353
TNS   : 0.000

Type  : Slow 1200mV 0C Model Hold 'altera_reserved_tck'
Slack : 0.355
TNS   : 0.000

Type  : Slow 1200mV 0C Model Recovery 'main_clk_50'
Slack : 14.740
TNS   : 0.000

Type  : Slow 1200mV 0C Model Recovery 'nios_system|sdram_pll|sd1|pll7|clk[0]'
Slack : 15.381
TNS   : 0.000

Type  : Slow 1200mV 0C Model Recovery 'altera_reserved_tck'
Slack : 47.810
TNS   : 0.000

Type  : Slow 1200mV 0C Model Removal 'altera_reserved_tck'
Slack : 1.062
TNS   : 0.000

Type  : Slow 1200mV 0C Model Removal 'main_clk_50'
Slack : 2.563
TNS   : 0.000

Type  : Slow 1200mV 0C Model Removal 'nios_system|sdram_pll|sd1|pll7|clk[0]'
Slack : 3.146
TNS   : 0.000

Type  : Slow 1200mV 0C Model Minimum Pulse Width 'main_clk_50'
Slack : 9.644
TNS   : 0.000

Type  : Slow 1200mV 0C Model Minimum Pulse Width 'nios_system|sdram_pll|sd1|pll7|clk[0]'
Slack : 9.684
TNS   : 0.000

Type  : Slow 1200mV 0C Model Minimum Pulse Width 'altera_reserved_tck'
Slack : 49.578
TNS   : 0.000

Type  : Fast 1200mV 0C Model Setup 'nios_system|sdram_pll|sd1|pll7|clk[0]'
Slack : 5.327
TNS   : 0.000

Type  : Fast 1200mV 0C Model Setup 'main_clk_50'
Slack : 5.527
TNS   : 0.000

Type  : Fast 1200mV 0C Model Setup 'altera_reserved_tck'
Slack : 48.108
TNS   : 0.000

Type  : Fast 1200mV 0C Model Hold 'main_clk_50'
Slack : 0.171
TNS   : 0.000

Type  : Fast 1200mV 0C Model Hold 'nios_system|sdram_pll|sd1|pll7|clk[0]'
Slack : 0.180
TNS   : 0.000

Type  : Fast 1200mV 0C Model Hold 'altera_reserved_tck'
Slack : 0.181
TNS   : 0.000

Type  : Fast 1200mV 0C Model Recovery 'main_clk_50'
Slack : 16.815
TNS   : 0.000

Type  : Fast 1200mV 0C Model Recovery 'nios_system|sdram_pll|sd1|pll7|clk[0]'
Slack : 17.284
TNS   : 0.000

Type  : Fast 1200mV 0C Model Recovery 'altera_reserved_tck'
Slack : 48.954
TNS   : 0.000

Type  : Fast 1200mV 0C Model Removal 'altera_reserved_tck'
Slack : 0.556
TNS   : 0.000

Type  : Fast 1200mV 0C Model Removal 'main_clk_50'
Slack : 1.498
TNS   : 0.000

Type  : Fast 1200mV 0C Model Removal 'nios_system|sdram_pll|sd1|pll7|clk[0]'
Slack : 1.820
TNS   : 0.000

Type  : Fast 1200mV 0C Model Minimum Pulse Width 'main_clk_50'
Slack : 9.371
TNS   : 0.000

Type  : Fast 1200mV 0C Model Minimum Pulse Width 'nios_system|sdram_pll|sd1|pll7|clk[0]'
Slack : 9.780
TNS   : 0.000

Type  : Fast 1200mV 0C Model Minimum Pulse Width 'altera_reserved_tck'
Slack : 49.477
TNS   : 0.000

------------------------------------------------------------
