Archive member included to satisfy reference by file (symbol)

../usb_kb_bsp/\libhal_bsp.a(alt_load.o)
                              ../usb_kb_bsp//obj/HAL/src/crt0.o (alt_load)
../usb_kb_bsp/\libhal_bsp.a(alt_main.o)
                              ../usb_kb_bsp//obj/HAL/src/crt0.o (alt_main)
../usb_kb_bsp/\libhal_bsp.a(alt_sys_init.o)
                              ../usb_kb_bsp/\libhal_bsp.a(alt_main.o) (alt_irq_init)
../usb_kb_bsp/\libhal_bsp.a(altera_avalon_jtag_uart_fd.o)
                              ../usb_kb_bsp/\libhal_bsp.a(alt_sys_init.o) (altera_avalon_jtag_uart_read_fd)
../usb_kb_bsp/\libhal_bsp.a(altera_avalon_jtag_uart_init.o)
                              ../usb_kb_bsp/\libhal_bsp.a(alt_sys_init.o) (altera_avalon_jtag_uart_init)
../usb_kb_bsp/\libhal_bsp.a(altera_avalon_jtag_uart_ioctl.o)
                              ../usb_kb_bsp/\libhal_bsp.a(altera_avalon_jtag_uart_fd.o) (altera_avalon_jtag_uart_ioctl)
../usb_kb_bsp/\libhal_bsp.a(altera_avalon_jtag_uart_read.o)
                              ../usb_kb_bsp/\libhal_bsp.a(altera_avalon_jtag_uart_fd.o) (altera_avalon_jtag_uart_read)
../usb_kb_bsp/\libhal_bsp.a(altera_avalon_jtag_uart_write.o)
                              ../usb_kb_bsp/\libhal_bsp.a(altera_avalon_jtag_uart_fd.o) (altera_avalon_jtag_uart_write)
../usb_kb_bsp/\libhal_bsp.a(alt_alarm_start.o)
                              ../usb_kb_bsp/\libhal_bsp.a(altera_avalon_jtag_uart_init.o) (alt_alarm_start)
../usb_kb_bsp/\libhal_bsp.a(alt_close.o)
                              ../usb_kb_bsp/\libhal_bsp.a(alt_main.o) (close)
../usb_kb_bsp/\libhal_bsp.a(alt_dcache_flush_all.o)
                              ../usb_kb_bsp/\libhal_bsp.a(alt_load.o) (alt_dcache_flush_all)
../usb_kb_bsp/\libhal_bsp.a(alt_dev.o)
                              ../usb_kb_bsp/\libhal_bsp.a(alt_sys_init.o) (alt_dev_list)
../usb_kb_bsp/\libhal_bsp.a(alt_dev_llist_insert.o)
                              ../usb_kb_bsp/\libhal_bsp.a(alt_sys_init.o) (alt_dev_llist_insert)
../usb_kb_bsp/\libhal_bsp.a(alt_do_ctors.o)
                              ../usb_kb_bsp/\libhal_bsp.a(alt_main.o) (_do_ctors)
../usb_kb_bsp/\libhal_bsp.a(alt_do_dtors.o)
                              ../usb_kb_bsp/\libhal_bsp.a(alt_main.o) (_do_dtors)
../usb_kb_bsp/\libhal_bsp.a(alt_errno.o)
                              ../usb_kb_bsp/\libhal_bsp.a(alt_close.o) (alt_errno)
../usb_kb_bsp/\libhal_bsp.a(alt_icache_flush_all.o)
                              ../usb_kb_bsp/\libhal_bsp.a(alt_load.o) (alt_icache_flush_all)
../usb_kb_bsp/\libhal_bsp.a(alt_iic.o)
                              ../usb_kb_bsp/\libhal_bsp.a(altera_avalon_jtag_uart_init.o) (alt_ic_isr_register)
../usb_kb_bsp/\libhal_bsp.a(alt_iic_isr_register.o)
                              ../usb_kb_bsp/\libhal_bsp.a(alt_iic.o) (alt_iic_isr_register)
../usb_kb_bsp/\libhal_bsp.a(alt_io_redirect.o)
                              ../usb_kb_bsp/\libhal_bsp.a(alt_main.o) (alt_io_redirect)
../usb_kb_bsp/\libhal_bsp.a(alt_irq_entry.o)
                              ../usb_kb_bsp/\libhal_bsp.a(alt_iic_isr_register.o) (alt_irq_entry)
../usb_kb_bsp/\libhal_bsp.a(alt_irq_handler.o)
                              ../usb_kb_bsp/\libhal_bsp.a(alt_iic_isr_register.o) (alt_irq)
../usb_kb_bsp/\libhal_bsp.a(alt_irq_vars.o)
                              ../usb_kb_bsp/\libhal_bsp.a(alt_iic.o) (alt_irq_active)
../usb_kb_bsp/\libhal_bsp.a(alt_open.o)
                              ../usb_kb_bsp/\libhal_bsp.a(alt_io_redirect.o) (open)
../usb_kb_bsp/\libhal_bsp.a(alt_release_fd.o)
                              ../usb_kb_bsp/\libhal_bsp.a(alt_close.o) (alt_release_fd)
../usb_kb_bsp/\libhal_bsp.a(alt_tick.o)
                              ../usb_kb_bsp/\libhal_bsp.a(altera_avalon_jtag_uart_init.o) (_alt_tick_rate)
../usb_kb_bsp/\libhal_bsp.a(altera_nios2_gen2_irq.o)
                              ../usb_kb_bsp/\libhal_bsp.a(alt_sys_init.o) (altera_nios2_gen2_irq_init)
../usb_kb_bsp/\libhal_bsp.a(alt_exception_entry.o)
                              ../usb_kb_bsp/\libhal_bsp.a(alt_irq_entry.o) (alt_exception)
../usb_kb_bsp/\libhal_bsp.a(alt_find_dev.o)
                              ../usb_kb_bsp/\libhal_bsp.a(alt_open.o) (alt_find_dev)
../usb_kb_bsp/\libhal_bsp.a(alt_find_file.o)
                              ../usb_kb_bsp/\libhal_bsp.a(alt_open.o) (alt_find_file)
../usb_kb_bsp/\libhal_bsp.a(alt_get_fd.o)
                              ../usb_kb_bsp/\libhal_bsp.a(alt_open.o) (alt_get_fd)
../usb_kb_bsp/\libhal_bsp.a(alt_instruction_exception_entry.o)
                              ../usb_kb_bsp/\libhal_bsp.a(alt_exception_entry.o) (alt_instruction_exception_entry)
c:/intelfpga_lite/18.0/nios2eds/bin/gnu/h-x86_64-mingw32/bin/../lib/gcc/nios2-elf/5.3.0/../../../../../H-x86_64-mingw32/nios2-elf/lib/mno-hw-mul\libc.a(lib_a-atexit.o)
                              ../usb_kb_bsp/\libhal_bsp.a(alt_main.o) (atexit)
c:/intelfpga_lite/18.0/nios2eds/bin/gnu/h-x86_64-mingw32/bin/../lib/gcc/nios2-elf/5.3.0/../../../../../H-x86_64-mingw32/nios2-elf/lib/mno-hw-mul\libc.a(lib_a-exit.o)
                              ../usb_kb_bsp/\libhal_bsp.a(alt_main.o) (exit)
c:/intelfpga_lite/18.0/nios2eds/bin/gnu/h-x86_64-mingw32/bin/../lib/gcc/nios2-elf/5.3.0/../../../../../H-x86_64-mingw32/nios2-elf/lib/mno-hw-mul\libc.a(lib_a-impure.o)
                              c:/intelfpga_lite/18.0/nios2eds/bin/gnu/h-x86_64-mingw32/bin/../lib/gcc/nios2-elf/5.3.0/../../../../../H-x86_64-mingw32/nios2-elf/lib/mno-hw-mul\libc.a(lib_a-exit.o) (_global_impure_ptr)
c:/intelfpga_lite/18.0/nios2eds/bin/gnu/h-x86_64-mingw32/bin/../lib/gcc/nios2-elf/5.3.0/../../../../../H-x86_64-mingw32/nios2-elf/lib/mno-hw-mul\libc.a(lib_a-int_errno.o)
                              ../usb_kb_bsp/\libhal_bsp.a(alt_close.o) (errno)
c:/intelfpga_lite/18.0/nios2eds/bin/gnu/h-x86_64-mingw32/bin/../lib/gcc/nios2-elf/5.3.0/../../../../../H-x86_64-mingw32/nios2-elf/lib/mno-hw-mul\libc.a(lib_a-memcmp.o)
                              ../usb_kb_bsp/\libhal_bsp.a(alt_find_dev.o) (memcmp)
c:/intelfpga_lite/18.0/nios2eds/bin/gnu/h-x86_64-mingw32/bin/../lib/gcc/nios2-elf/5.3.0/../../../../../H-x86_64-mingw32/nios2-elf/lib/mno-hw-mul\libc.a(lib_a-memcpy.o)
                              ../usb_kb_bsp/\libhal_bsp.a(altera_avalon_jtag_uart_read.o) (memcpy)
c:/intelfpga_lite/18.0/nios2eds/bin/gnu/h-x86_64-mingw32/bin/../lib/gcc/nios2-elf/5.3.0/../../../../../H-x86_64-mingw32/nios2-elf/lib/mno-hw-mul\libc.a(lib_a-strlen.o)
                              ../usb_kb_bsp/\libhal_bsp.a(alt_find_dev.o) (strlen)
c:/intelfpga_lite/18.0/nios2eds/bin/gnu/h-x86_64-mingw32/bin/../lib/gcc/nios2-elf/5.3.0/../../../../../H-x86_64-mingw32/nios2-elf/lib/mno-hw-mul\libc.a(lib_a-__atexit.o)
                              c:/intelfpga_lite/18.0/nios2eds/bin/gnu/h-x86_64-mingw32/bin/../lib/gcc/nios2-elf/5.3.0/../../../../../H-x86_64-mingw32/nios2-elf/lib/mno-hw-mul\libc.a(lib_a-atexit.o) (__register_exitproc)
c:/intelfpga_lite/18.0/nios2eds/bin/gnu/h-x86_64-mingw32/bin/../lib/gcc/nios2-elf/5.3.0/../../../../../H-x86_64-mingw32/nios2-elf/lib/mno-hw-mul\libc.a(lib_a-__call_atexit.o)
                              c:/intelfpga_lite/18.0/nios2eds/bin/gnu/h-x86_64-mingw32/bin/../lib/gcc/nios2-elf/5.3.0/../../../../../H-x86_64-mingw32/nios2-elf/lib/mno-hw-mul\libc.a(lib_a-exit.o) (__call_exitprocs)
c:/intelfpga_lite/18.0/nios2eds/bin/gnu/h-x86_64-mingw32/bin/../lib/gcc/nios2-elf/5.3.0/mno-hw-mul\libgcc.a(lib2-mul.o)
                              ../usb_kb_bsp/\libhal_bsp.a(alt_close.o) (__mulsi3)
../usb_kb_bsp/\libhal_bsp.a(alt_exit.o)
                              c:/intelfpga_lite/18.0/nios2eds/bin/gnu/h-x86_64-mingw32/bin/../lib/gcc/nios2-elf/5.3.0/../../../../../H-x86_64-mingw32/nios2-elf/lib/mno-hw-mul\libc.a(lib_a-exit.o) (_exit)

Allocating common symbols
Common symbol       size              file

alt_irq             0x100             ../usb_kb_bsp/\libhal_bsp.a(alt_irq_handler.o)
errno               0x4               c:/intelfpga_lite/18.0/nios2eds/bin/gnu/h-x86_64-mingw32/bin/../lib/gcc/nios2-elf/5.3.0/../../../../../H-x86_64-mingw32/nios2-elf/lib/mno-hw-mul\libc.a(lib_a-int_errno.o)

Memory Configuration

Name             Origin             Length             Attributes
onchip_memory2_0 0x0000000000000000 0x0000000000000010
reset            0x0000000010000000 0x0000000000000020
sdram            0x0000000010000020 0x0000000007ffffe0
*default*        0x0000000000000000 0xffffffffffffffff

Linker script and memory map

LOAD ../usb_kb_bsp//obj/HAL/src/crt0.o
LOAD c:/intelfpga_lite/18.0/nios2eds/bin/gnu/h-x86_64-mingw32/bin/../lib/gcc/nios2-elf/5.3.0/../../../../../H-x86_64-mingw32/nios2-elf/lib/mno-hw-mul\libstdc++.a
LOAD c:/intelfpga_lite/18.0/nios2eds/bin/gnu/h-x86_64-mingw32/bin/../lib/gcc/nios2-elf/5.3.0/../../../../../H-x86_64-mingw32/nios2-elf/lib/mno-hw-mul\libm.a
LOAD c:/intelfpga_lite/18.0/nios2eds/bin/gnu/h-x86_64-mingw32/bin/../lib/gcc/nios2-elf/5.3.0/mno-hw-mul\libgcc.a
START GROUP
LOAD c:/intelfpga_lite/18.0/nios2eds/bin/gnu/h-x86_64-mingw32/bin/../lib/gcc/nios2-elf/5.3.0/../../../../../H-x86_64-mingw32/nios2-elf/lib/mno-hw-mul\libc.a
LOAD c:/intelfpga_lite/18.0/nios2eds/bin/gnu/h-x86_64-mingw32/bin/../lib/gcc/nios2-elf/5.3.0/mno-hw-mul\libgcc.a
LOAD ../usb_kb_bsp/\libhal_bsp.a
LOAD c:/intelfpga_lite/18.0/nios2eds/bin/gnu/h-x86_64-mingw32/bin/../lib/gcc/nios2-elf/5.3.0/../../../../../H-x86_64-mingw32/nios2-elf/lib/mno-hw-mul\libm.a
END GROUP
LOAD c:/intelfpga_lite/18.0/nios2eds/bin/gnu/h-x86_64-mingw32/bin/../lib/gcc/nios2-elf/5.3.0/mno-hw-mul\libgcc.a
                0x0000000000000000                __alt_mem_onchip_memory2_0 = 0x0
                0x0000000010000000                __alt_mem_sdram = 0x10000000

.entry          0x0000000010000000       0x20
 *(.entry)
 .entry         0x0000000010000000       0x20 ../usb_kb_bsp//obj/HAL/src/crt0.o
                0x0000000010000000                __reset

.exceptions     0x0000000010000020      0x210
                0x0000000010000020                PROVIDE (__ram_exceptions_start, ABSOLUTE (.))
                0x0000000010000020                . = ALIGN (0x20)
 *(.irq)
 *(.exceptions.entry.label)
 .exceptions.entry.label
                0x0000000010000020        0x0 ../usb_kb_bsp/\libhal_bsp.a(alt_irq_entry.o)
                0x0000000010000020                alt_irq_entry
 .exceptions.entry.label
                0x0000000010000020        0x0 ../usb_kb_bsp/\libhal_bsp.a(alt_exception_entry.o)
                0x0000000010000020                alt_exception
 *(.exceptions.entry.user)
 *(.exceptions.entry.ecc_fatal)
 *(.exceptions.entry)
 .exceptions.entry
                0x0000000010000020       0x54 ../usb_kb_bsp/\libhal_bsp.a(alt_exception_entry.o)
 *(.exceptions.irqtest.user)
 *(.exceptions.irqtest)
 .exceptions.irqtest
                0x0000000010000074       0x10 ../usb_kb_bsp/\libhal_bsp.a(alt_irq_entry.o)
 *(.exceptions.irqhandler.user)
 *(.exceptions.irqhandler)
 .exceptions.irqhandler
                0x0000000010000084        0x4 ../usb_kb_bsp/\libhal_bsp.a(alt_irq_entry.o)
 *(.exceptions.irqreturn.user)
 *(.exceptions.irqreturn)
 .exceptions.irqreturn
                0x0000000010000088        0x4 ../usb_kb_bsp/\libhal_bsp.a(alt_irq_entry.o)
 *(.exceptions.notirq.label)
 .exceptions.notirq.label
                0x000000001000008c        0x0 ../usb_kb_bsp/\libhal_bsp.a(alt_irq_entry.o)
 *(.exceptions.notirq.user)
 *(.exceptions.notirq)
 .exceptions.notirq
                0x000000001000008c        0x8 ../usb_kb_bsp/\libhal_bsp.a(alt_exception_entry.o)
 *(.exceptions.soft.user)
 *(.exceptions.soft)
 *(.exceptions.unknown.user)
 *(.exceptions.unknown)
 .exceptions.unknown
                0x0000000010000094       0x14 ../usb_kb_bsp/\libhal_bsp.a(alt_exception_entry.o)
 *(.exceptions.exit.label)
 .exceptions.exit.label
                0x00000000100000a8        0x0 ../usb_kb_bsp/\libhal_bsp.a(alt_irq_entry.o)
 .exceptions.exit.label
                0x00000000100000a8        0x0 ../usb_kb_bsp/\libhal_bsp.a(alt_exception_entry.o)
 *(.exceptions.exit.user)
 *(.exceptions.exit)
 .exceptions.exit
                0x00000000100000a8       0x54 ../usb_kb_bsp/\libhal_bsp.a(alt_exception_entry.o)
 *(.exceptions)
 .exceptions    0x00000000100000fc       0xd4 ../usb_kb_bsp/\libhal_bsp.a(alt_irq_handler.o)
                0x00000000100000fc                alt_irq_handler
 .exceptions    0x00000000100001d0       0x60 ../usb_kb_bsp/\libhal_bsp.a(alt_instruction_exception_entry.o)
                0x00000000100001d0                alt_instruction_exception_entry
                0x0000000010000230                PROVIDE (__ram_exceptions_end, ABSOLUTE (.))
                0x0000000010000020                PROVIDE (__flash_exceptions_start, LOADADDR (.exceptions))

.text           0x0000000010000230     0x2274
                [!provide]                        PROVIDE (stext, ABSOLUTE (.))
 *(.interp)
 *(.hash)
 *(.dynsym)
 *(.dynstr)
 *(.gnu.version)
 *(.gnu.version_d)
 *(.gnu.version_r)
 *(.rel.init)
 *(.rela.init)
 *(.rel.text .rel.text.* .rel.gnu.linkonce.t.*)
 *(.rela.text .rela.text.* .rela.gnu.linkonce.t.*)
 *(.rel.fini)
 *(.rela.fini)
 *(.rel.rodata .rel.rodata.* .rel.gnu.linkonce.r.*)
 *(.rela.rodata .rela.rodata.* .rela.gnu.linkonce.r.*)
 *(.rel.data .rel.data.* .rel.gnu.linkonce.d.*)
 *(.rela.data .rela.data.* .rela.gnu.linkonce.d.*)
 *(.rel.tdata .rel.tdata.* .rel.gnu.linkonce.td.*)
 *(.rela.tdata .rela.tdata.* .rela.gnu.linkonce.td.*)
 *(.rel.tbss .rel.tbss.* .rel.gnu.linkonce.tb.*)
 *(.rela.tbss .rela.tbss.* .rela.gnu.linkonce.tb.*)
 *(.rel.ctors)
 *(.rela.ctors)
 *(.rel.dtors)
 *(.rela.dtors)
 *(.rel.got)
 *(.rela.got)
 *(.rel.sdata .rel.sdata.* .rel.gnu.linkonce.s.*)
 *(.rela.sdata .rela.sdata.* .rela.gnu.linkonce.s.*)
 *(.rel.sbss .rel.sbss.* .rel.gnu.linkonce.sb.*)
 *(.rela.sbss .rela.sbss.* .rela.gnu.linkonce.sb.*)
 *(.rel.sdata2 .rel.sdata2.* .rel.gnu.linkonce.s2.*)
 *(.rela.sdata2 .rela.sdata2.* .rela.gnu.linkonce.s2.*)
 *(.rel.sbss2 .rel.sbss2.* .rel.gnu.linkonce.sb2.*)
 *(.rela.sbss2 .rela.sbss2.* .rela.gnu.linkonce.sb2.*)
 *(.rel.bss .rel.bss.* .rel.gnu.linkonce.b.*)
 *(.rela.bss .rela.bss.* .rela.gnu.linkonce.b.*)
 *(.rel.plt)
 *(.rela.plt)
 *(.rel.dyn)
 *(.init)
 *(.plt)
 *(.text .stub .text.* .gnu.linkonce.t.*)
 .text          0x0000000010000230       0x3c ../usb_kb_bsp//obj/HAL/src/crt0.o
                0x0000000010000230                _start
 .text          0x000000001000026c       0xec ../usb_kb_bsp/\libhal_bsp.a(alt_load.o)
                0x00000000100002d4                alt_load
 .text          0x0000000010000358       0x7c ../usb_kb_bsp/\libhal_bsp.a(alt_main.o)
                0x0000000010000358                alt_main
 .text          0x00000000100003d4       0xb8 ../usb_kb_bsp/\libhal_bsp.a(alt_sys_init.o)
                0x0000000010000408                alt_irq_init
                0x0000000010000440                alt_sys_init
 .text          0x000000001000048c      0x164 ../usb_kb_bsp/\libhal_bsp.a(altera_avalon_jtag_uart_fd.o)
                0x000000001000048c                altera_avalon_jtag_uart_read_fd
                0x00000000100004ec                altera_avalon_jtag_uart_write_fd
                0x000000001000054c                altera_avalon_jtag_uart_close_fd
                0x000000001000059c                altera_avalon_jtag_uart_ioctl_fd
 .text          0x00000000100005f0      0x3d4 ../usb_kb_bsp/\libhal_bsp.a(altera_avalon_jtag_uart_init.o)
                0x00000000100005f0                altera_avalon_jtag_uart_init
                0x000000001000095c                altera_avalon_jtag_uart_close
 .text          0x00000000100009c4       0xf0 ../usb_kb_bsp/\libhal_bsp.a(altera_avalon_jtag_uart_ioctl.o)
                0x00000000100009c4                altera_avalon_jtag_uart_ioctl
 .text          0x0000000010000ab4      0x21c ../usb_kb_bsp/\libhal_bsp.a(altera_avalon_jtag_uart_read.o)
                0x0000000010000ab4                altera_avalon_jtag_uart_read
 .text          0x0000000010000cd0      0x224 ../usb_kb_bsp/\libhal_bsp.a(altera_avalon_jtag_uart_write.o)
                0x0000000010000cd0                altera_avalon_jtag_uart_write
 .text          0x0000000010000ef4      0x12c ../usb_kb_bsp/\libhal_bsp.a(alt_alarm_start.o)
                0x0000000010000ef4                alt_alarm_start
 .text          0x0000000010001020      0x114 ../usb_kb_bsp/\libhal_bsp.a(alt_close.o)
                0x000000001000105c                close
 .text          0x0000000010001134       0x20 ../usb_kb_bsp/\libhal_bsp.a(alt_dcache_flush_all.o)
                0x0000000010001134                alt_dcache_flush_all
 .text          0x0000000010001154       0x2c ../usb_kb_bsp/\libhal_bsp.a(alt_dev.o)
 .text          0x0000000010001180       0xe0 ../usb_kb_bsp/\libhal_bsp.a(alt_dev_llist_insert.o)
                0x00000000100011bc                alt_dev_llist_insert
 .text          0x0000000010001260       0x60 ../usb_kb_bsp/\libhal_bsp.a(alt_do_ctors.o)
                0x0000000010001260                _do_ctors
 .text          0x00000000100012c0       0x60 ../usb_kb_bsp/\libhal_bsp.a(alt_do_dtors.o)
                0x00000000100012c0                _do_dtors
 .text          0x0000000010001320        0x0 ../usb_kb_bsp/\libhal_bsp.a(alt_errno.o)
 .text          0x0000000010001320       0x20 ../usb_kb_bsp/\libhal_bsp.a(alt_icache_flush_all.o)
                0x0000000010001320                alt_icache_flush_all
 .text          0x0000000010001340      0x1b0 ../usb_kb_bsp/\libhal_bsp.a(alt_iic.o)
                0x0000000010001340                alt_ic_isr_register
                0x0000000010001390                alt_ic_irq_enable
                0x0000000010001418                alt_ic_irq_disable
                0x00000000100014a4                alt_ic_irq_enabled
 .text          0x00000000100014f0       0xf0 ../usb_kb_bsp/\libhal_bsp.a(alt_iic_isr_register.o)
                0x00000000100014f0                alt_iic_isr_register
 .text          0x00000000100015e0      0x160 ../usb_kb_bsp/\libhal_bsp.a(alt_io_redirect.o)
                0x00000000100016c4                alt_io_redirect
 .text          0x0000000010001740        0x0 ../usb_kb_bsp/\libhal_bsp.a(alt_irq_entry.o)
 .text          0x0000000010001740        0x0 ../usb_kb_bsp/\libhal_bsp.a(alt_irq_handler.o)
 .text          0x0000000010001740        0x0 ../usb_kb_bsp/\libhal_bsp.a(alt_irq_vars.o)
 .text          0x0000000010001740      0x284 ../usb_kb_bsp/\libhal_bsp.a(alt_open.o)
                0x0000000010001868                open
 .text          0x00000000100019c4       0x84 ../usb_kb_bsp/\libhal_bsp.a(alt_release_fd.o)
                0x00000000100019c4                alt_release_fd
 .text          0x0000000010001a48      0x1a4 ../usb_kb_bsp/\libhal_bsp.a(alt_tick.o)
                0x0000000010001a48                alt_alarm_stop
                0x0000000010001ae4                alt_tick
 .text          0x0000000010001bec       0x24 ../usb_kb_bsp/\libhal_bsp.a(altera_nios2_gen2_irq.o)
                0x0000000010001bec                altera_nios2_gen2_irq_init
 .text          0x0000000010001c10        0x0 ../usb_kb_bsp/\libhal_bsp.a(alt_exception_entry.o)
 .text          0x0000000010001c10       0x90 ../usb_kb_bsp/\libhal_bsp.a(alt_find_dev.o)
                0x0000000010001c10                alt_find_dev
 .text          0x0000000010001ca0      0x108 ../usb_kb_bsp/\libhal_bsp.a(alt_find_file.o)
                0x0000000010001ca0                alt_find_file
 .text          0x0000000010001da8       0xc4 ../usb_kb_bsp/\libhal_bsp.a(alt_get_fd.o)
                0x0000000010001da8                alt_get_fd
 .text          0x0000000010001e6c       0x9c ../usb_kb_bsp/\libhal_bsp.a(alt_instruction_exception_entry.o)
                0x0000000010001e6c                alt_exception_cause_generated_bad_addr
 .text          0x0000000010001f08        0x0 c:/intelfpga_lite/18.0/nios2eds/bin/gnu/h-x86_64-mingw32/bin/../lib/gcc/nios2-elf/5.3.0/../../../../../H-x86_64-mingw32/nios2-elf/lib/mno-hw-mul\libc.a(lib_a-atexit.o)
 .text.atexit   0x0000000010001f08       0x14 c:/intelfpga_lite/18.0/nios2eds/bin/gnu/h-x86_64-mingw32/bin/../lib/gcc/nios2-elf/5.3.0/../../../../../H-x86_64-mingw32/nios2-elf/lib/mno-hw-mul\libc.a(lib_a-atexit.o)
                0x0000000010001f08                atexit
 .text          0x0000000010001f1c        0x0 c:/intelfpga_lite/18.0/nios2eds/bin/gnu/h-x86_64-mingw32/bin/../lib/gcc/nios2-elf/5.3.0/../../../../../H-x86_64-mingw32/nios2-elf/lib/mno-hw-mul\libc.a(lib_a-exit.o)
 .text.exit     0x0000000010001f1c       0x38 c:/intelfpga_lite/18.0/nios2eds/bin/gnu/h-x86_64-mingw32/bin/../lib/gcc/nios2-elf/5.3.0/../../../../../H-x86_64-mingw32/nios2-elf/lib/mno-hw-mul\libc.a(lib_a-exit.o)
                0x0000000010001f1c                exit
 .text          0x0000000010001f54        0x0 c:/intelfpga_lite/18.0/nios2eds/bin/gnu/h-x86_64-mingw32/bin/../lib/gcc/nios2-elf/5.3.0/../../../../../H-x86_64-mingw32/nios2-elf/lib/mno-hw-mul\libc.a(lib_a-impure.o)
 .text          0x0000000010001f54        0x0 c:/intelfpga_lite/18.0/nios2eds/bin/gnu/h-x86_64-mingw32/bin/../lib/gcc/nios2-elf/5.3.0/../../../../../H-x86_64-mingw32/nios2-elf/lib/mno-hw-mul\libc.a(lib_a-int_errno.o)
 .text          0x0000000010001f54        0x0 c:/intelfpga_lite/18.0/nios2eds/bin/gnu/h-x86_64-mingw32/bin/../lib/gcc/nios2-elf/5.3.0/../../../../../H-x86_64-mingw32/nios2-elf/lib/mno-hw-mul\libc.a(lib_a-memcmp.o)
 .text.memcmp   0x0000000010001f54       0x7c c:/intelfpga_lite/18.0/nios2eds/bin/gnu/h-x86_64-mingw32/bin/../lib/gcc/nios2-elf/5.3.0/../../../../../H-x86_64-mingw32/nios2-elf/lib/mno-hw-mul\libc.a(lib_a-memcmp.o)
                0x0000000010001f54                memcmp
 .text          0x0000000010001fd0        0x0 c:/intelfpga_lite/18.0/nios2eds/bin/gnu/h-x86_64-mingw32/bin/../lib/gcc/nios2-elf/5.3.0/../../../../../H-x86_64-mingw32/nios2-elf/lib/mno-hw-mul\libc.a(lib_a-memcpy.o)
 .text.memcpy   0x0000000010001fd0      0x148 c:/intelfpga_lite/18.0/nios2eds/bin/gnu/h-x86_64-mingw32/bin/../lib/gcc/nios2-elf/5.3.0/../../../../../H-x86_64-mingw32/nios2-elf/lib/mno-hw-mul\libc.a(lib_a-memcpy.o)
                0x0000000010001fd0                memcpy
 .text          0x0000000010002118        0x0 c:/intelfpga_lite/18.0/nios2eds/bin/gnu/h-x86_64-mingw32/bin/../lib/gcc/nios2-elf/5.3.0/../../../../../H-x86_64-mingw32/nios2-elf/lib/mno-hw-mul\libc.a(lib_a-strlen.o)
 .text.strlen   0x0000000010002118       0x98 c:/intelfpga_lite/18.0/nios2eds/bin/gnu/h-x86_64-mingw32/bin/../lib/gcc/nios2-elf/5.3.0/../../../../../H-x86_64-mingw32/nios2-elf/lib/mno-hw-mul\libc.a(lib_a-strlen.o)
                0x0000000010002118                strlen
 .text          0x00000000100021b0        0x0 c:/intelfpga_lite/18.0/nios2eds/bin/gnu/h-x86_64-mingw32/bin/../lib/gcc/nios2-elf/5.3.0/../../../../../H-x86_64-mingw32/nios2-elf/lib/mno-hw-mul\libc.a(lib_a-__atexit.o)
 .text.__register_exitproc
                0x00000000100021b0      0x118 c:/intelfpga_lite/18.0/nios2eds/bin/gnu/h-x86_64-mingw32/bin/../lib/gcc/nios2-elf/5.3.0/../../../../../H-x86_64-mingw32/nios2-elf/lib/mno-hw-mul\libc.a(lib_a-__atexit.o)
                0x00000000100021b0                __register_exitproc
 .text          0x00000000100022c8        0x0 c:/intelfpga_lite/18.0/nios2eds/bin/gnu/h-x86_64-mingw32/bin/../lib/gcc/nios2-elf/5.3.0/../../../../../H-x86_64-mingw32/nios2-elf/lib/mno-hw-mul\libc.a(lib_a-__call_atexit.o)
 .text.__call_exitprocs
                0x00000000100022c8      0x180 c:/intelfpga_lite/18.0/nios2eds/bin/gnu/h-x86_64-mingw32/bin/../lib/gcc/nios2-elf/5.3.0/../../../../../H-x86_64-mingw32/nios2-elf/lib/mno-hw-mul\libc.a(lib_a-__call_atexit.o)
                0x00000000100022c8                __call_exitprocs
 .text          0x0000000010002448       0x28 c:/intelfpga_lite/18.0/nios2eds/bin/gnu/h-x86_64-mingw32/bin/../lib/gcc/nios2-elf/5.3.0/mno-hw-mul\libgcc.a(lib2-mul.o)
                0x0000000010002448                __mulsi3
 .text          0x0000000010002470       0x34 ../usb_kb_bsp/\libhal_bsp.a(alt_exit.o)
                0x0000000010002470                _exit
 *(.gnu.warning.*)
 *(.fini)
                [!provide]                        PROVIDE (__etext, ABSOLUTE (.))
                [!provide]                        PROVIDE (_etext, ABSOLUTE (.))
                [!provide]                        PROVIDE (etext, ABSOLUTE (.))
 *(.eh_frame_hdr)
                0x00000000100024a4                . = ALIGN (0x4)
                [!provide]                        PROVIDE (__preinit_array_start, ABSOLUTE (.))
 *(.preinit_array)
                [!provide]                        PROVIDE (__preinit_array_end, ABSOLUTE (.))
                [!provide]                        PROVIDE (__init_array_start, ABSOLUTE (.))
 *(.init_array)
                [!provide]                        PROVIDE (__init_array_end, ABSOLUTE (.))
                [!provide]                        PROVIDE (__fini_array_start, ABSOLUTE (.))
 *(.fini_array)
                [!provide]                        PROVIDE (__fini_array_end, ABSOLUTE (.))
 *(.eh_frame)
 *(.gcc_except_table .gcc_except_table.*)
 *(.dynamic)
                0x00000000100024a4                PROVIDE (__CTOR_LIST__, ABSOLUTE (.))
 *(.ctors)
 *(SORT(.ctors.*))
                0x00000000100024a4                PROVIDE (__CTOR_END__, ABSOLUTE (.))
                0x00000000100024a4                PROVIDE (__DTOR_LIST__, ABSOLUTE (.))
 *(.dtors)
 *(SORT(.dtors.*))
                0x00000000100024a4                PROVIDE (__DTOR_END__, ABSOLUTE (.))
 *(.jcr)
                0x00000000100024a4                . = ALIGN (0x4)

.rodata         0x00000000100024a4       0x38
                0x00000000100024a4                PROVIDE (__ram_rodata_start, ABSOLUTE (.))
                0x00000000100024a4                . = ALIGN (0x4)
 *(.rodata .rodata.* .gnu.linkonce.r.*)
 .rodata        0x00000000100024a4       0x11 ../usb_kb_bsp/\libhal_bsp.a(alt_main.o)
 *fill*         0x00000000100024b5        0x3 
 .rodata        0x00000000100024b8       0x11 ../usb_kb_bsp/\libhal_bsp.a(alt_sys_init.o)
 *fill*         0x00000000100024c9        0x3 
 .rodata        0x00000000100024cc        0xa ../usb_kb_bsp/\libhal_bsp.a(alt_dev.o)
 *fill*         0x00000000100024d6        0x2 
 .rodata.str1.4
                0x00000000100024d8        0x4 c:/intelfpga_lite/18.0/nios2eds/bin/gnu/h-x86_64-mingw32/bin/../lib/gcc/nios2-elf/5.3.0/../../../../../H-x86_64-mingw32/nios2-elf/lib/mno-hw-mul\libc.a(lib_a-impure.o)
                                          0x2 (size before relaxing)
 *(.rodata1)
                0x00000000100024dc                . = ALIGN (0x4)
                0x00000000100024dc                PROVIDE (__ram_rodata_end, ABSOLUTE (.))
                0x00000000100024a4                PROVIDE (__flash_rodata_start, LOADADDR (.rodata))

.rwdata         0x00000000100024dc     0x1658 load address 0x0000000010003b34
                0x00000000100024dc                PROVIDE (__ram_rwdata_start, ABSOLUTE (.))
                0x00000000100024dc                . = ALIGN (0x4)
 *(.got.plt)
 *(.got)
 *(.data1)
 *(.data .data.* .gnu.linkonce.d.*)
 .data          0x00000000100024dc        0x0 ../usb_kb_bsp//obj/HAL/src/crt0.o
 .data          0x00000000100024dc        0x0 ../usb_kb_bsp/\libhal_bsp.a(alt_load.o)
 .data          0x00000000100024dc        0x0 ../usb_kb_bsp/\libhal_bsp.a(alt_main.o)
 .data          0x00000000100024dc     0x1060 ../usb_kb_bsp/\libhal_bsp.a(alt_sys_init.o)
 .data          0x000000001000353c        0x0 ../usb_kb_bsp/\libhal_bsp.a(altera_avalon_jtag_uart_fd.o)
 .data          0x000000001000353c        0x0 ../usb_kb_bsp/\libhal_bsp.a(altera_avalon_jtag_uart_init.o)
 .data          0x000000001000353c        0x0 ../usb_kb_bsp/\libhal_bsp.a(altera_avalon_jtag_uart_ioctl.o)
 .data          0x000000001000353c        0x0 ../usb_kb_bsp/\libhal_bsp.a(altera_avalon_jtag_uart_read.o)
 .data          0x000000001000353c        0x0 ../usb_kb_bsp/\libhal_bsp.a(altera_avalon_jtag_uart_write.o)
 .data          0x000000001000353c        0x0 ../usb_kb_bsp/\libhal_bsp.a(alt_alarm_start.o)
 .data          0x000000001000353c        0x0 ../usb_kb_bsp/\libhal_bsp.a(alt_close.o)
 .data          0x000000001000353c        0x0 ../usb_kb_bsp/\libhal_bsp.a(alt_dcache_flush_all.o)
 .data          0x000000001000353c      0x1a8 ../usb_kb_bsp/\libhal_bsp.a(alt_dev.o)
                0x000000001000353c                alt_dev_null
                0x0000000010003564                alt_fd_list
 .data          0x00000000100036e4        0x0 ../usb_kb_bsp/\libhal_bsp.a(alt_dev_llist_insert.o)
 .data          0x00000000100036e4        0x0 ../usb_kb_bsp/\libhal_bsp.a(alt_do_ctors.o)
 .data          0x00000000100036e4        0x0 ../usb_kb_bsp/\libhal_bsp.a(alt_do_dtors.o)
 .data          0x00000000100036e4        0x0 ../usb_kb_bsp/\libhal_bsp.a(alt_errno.o)
 .data          0x00000000100036e4        0x0 ../usb_kb_bsp/\libhal_bsp.a(alt_icache_flush_all.o)
 .data          0x00000000100036e4        0x0 ../usb_kb_bsp/\libhal_bsp.a(alt_iic.o)
 .data          0x00000000100036e4        0x0 ../usb_kb_bsp/\libhal_bsp.a(alt_iic_isr_register.o)
 .data          0x00000000100036e4        0x0 ../usb_kb_bsp/\libhal_bsp.a(alt_io_redirect.o)
 .data          0x00000000100036e4        0x0 ../usb_kb_bsp/\libhal_bsp.a(alt_irq_entry.o)
 .data          0x00000000100036e4        0x0 ../usb_kb_bsp/\libhal_bsp.a(alt_irq_handler.o)
 .data          0x00000000100036e4        0x0 ../usb_kb_bsp/\libhal_bsp.a(alt_irq_vars.o)
 .data          0x00000000100036e4        0x0 ../usb_kb_bsp/\libhal_bsp.a(alt_open.o)
 .data          0x00000000100036e4        0x0 ../usb_kb_bsp/\libhal_bsp.a(alt_release_fd.o)
 .data          0x00000000100036e4        0x0 ../usb_kb_bsp/\libhal_bsp.a(alt_tick.o)
 .data          0x00000000100036e4        0x0 ../usb_kb_bsp/\libhal_bsp.a(altera_nios2_gen2_irq.o)
 .data          0x00000000100036e4        0x0 ../usb_kb_bsp/\libhal_bsp.a(alt_exception_entry.o)
 .data          0x00000000100036e4        0x0 ../usb_kb_bsp/\libhal_bsp.a(alt_find_dev.o)
 .data          0x00000000100036e4        0x0 ../usb_kb_bsp/\libhal_bsp.a(alt_find_file.o)
 .data          0x00000000100036e4        0x0 ../usb_kb_bsp/\libhal_bsp.a(alt_get_fd.o)
 .data          0x00000000100036e4        0x0 ../usb_kb_bsp/\libhal_bsp.a(alt_instruction_exception_entry.o)
 .data          0x00000000100036e4        0x0 c:/intelfpga_lite/18.0/nios2eds/bin/gnu/h-x86_64-mingw32/bin/../lib/gcc/nios2-elf/5.3.0/../../../../../H-x86_64-mingw32/nios2-elf/lib/mno-hw-mul\libc.a(lib_a-atexit.o)
 .data          0x00000000100036e4        0x0 c:/intelfpga_lite/18.0/nios2eds/bin/gnu/h-x86_64-mingw32/bin/../lib/gcc/nios2-elf/5.3.0/../../../../../H-x86_64-mingw32/nios2-elf/lib/mno-hw-mul\libc.a(lib_a-exit.o)
 .data          0x00000000100036e4        0x0 c:/intelfpga_lite/18.0/nios2eds/bin/gnu/h-x86_64-mingw32/bin/../lib/gcc/nios2-elf/5.3.0/../../../../../H-x86_64-mingw32/nios2-elf/lib/mno-hw-mul\libc.a(lib_a-impure.o)
 .data.impure_data
                0x00000000100036e4      0x424 c:/intelfpga_lite/18.0/nios2eds/bin/gnu/h-x86_64-mingw32/bin/../lib/gcc/nios2-elf/5.3.0/../../../../../H-x86_64-mingw32/nios2-elf/lib/mno-hw-mul\libc.a(lib_a-impure.o)
 .data          0x0000000010003b08        0x0 c:/intelfpga_lite/18.0/nios2eds/bin/gnu/h-x86_64-mingw32/bin/../lib/gcc/nios2-elf/5.3.0/../../../../../H-x86_64-mingw32/nios2-elf/lib/mno-hw-mul\libc.a(lib_a-int_errno.o)
 .data          0x0000000010003b08        0x0 c:/intelfpga_lite/18.0/nios2eds/bin/gnu/h-x86_64-mingw32/bin/../lib/gcc/nios2-elf/5.3.0/../../../../../H-x86_64-mingw32/nios2-elf/lib/mno-hw-mul\libc.a(lib_a-memcmp.o)
 .data          0x0000000010003b08        0x0 c:/intelfpga_lite/18.0/nios2eds/bin/gnu/h-x86_64-mingw32/bin/../lib/gcc/nios2-elf/5.3.0/../../../../../H-x86_64-mingw32/nios2-elf/lib/mno-hw-mul\libc.a(lib_a-memcpy.o)
 .data          0x0000000010003b08        0x0 c:/intelfpga_lite/18.0/nios2eds/bin/gnu/h-x86_64-mingw32/bin/../lib/gcc/nios2-elf/5.3.0/../../../../../H-x86_64-mingw32/nios2-elf/lib/mno-hw-mul\libc.a(lib_a-strlen.o)
 .data          0x0000000010003b08        0x0 c:/intelfpga_lite/18.0/nios2eds/bin/gnu/h-x86_64-mingw32/bin/../lib/gcc/nios2-elf/5.3.0/../../../../../H-x86_64-mingw32/nios2-elf/lib/mno-hw-mul\libc.a(lib_a-__atexit.o)
 .data          0x0000000010003b08        0x0 c:/intelfpga_lite/18.0/nios2eds/bin/gnu/h-x86_64-mingw32/bin/../lib/gcc/nios2-elf/5.3.0/../../../../../H-x86_64-mingw32/nios2-elf/lib/mno-hw-mul\libc.a(lib_a-__call_atexit.o)
 .data          0x0000000010003b08        0x0 c:/intelfpga_lite/18.0/nios2eds/bin/gnu/h-x86_64-mingw32/bin/../lib/gcc/nios2-elf/5.3.0/mno-hw-mul\libgcc.a(lib2-mul.o)
 .data          0x0000000010003b08        0x0 ../usb_kb_bsp/\libhal_bsp.a(alt_exit.o)
                0x000000001000bb08                _gp = ABSOLUTE ((. + 0x8000))
                [!provide]                        PROVIDE (gp, _gp)
 *(.rwdata .rwdata.*)
 *(.sdata .sdata.* .gnu.linkonce.s.*)
 .sdata         0x0000000010003b08       0x14 ../usb_kb_bsp/\libhal_bsp.a(alt_dev.o)
                0x0000000010003b08                alt_fs_list
                0x0000000010003b10                alt_dev_list
                0x0000000010003b18                alt_max_fd
 .sdata         0x0000000010003b1c        0x4 ../usb_kb_bsp/\libhal_bsp.a(alt_errno.o)
                0x0000000010003b1c                alt_errno
 .sdata         0x0000000010003b20        0x4 ../usb_kb_bsp/\libhal_bsp.a(alt_irq_vars.o)
                0x0000000010003b20                alt_priority_mask
 .sdata         0x0000000010003b24        0x8 ../usb_kb_bsp/\libhal_bsp.a(alt_tick.o)
                0x0000000010003b24                alt_alarm_list
 .sdata._global_impure_ptr
                0x0000000010003b2c        0x4 c:/intelfpga_lite/18.0/nios2eds/bin/gnu/h-x86_64-mingw32/bin/../lib/gcc/nios2-elf/5.3.0/../../../../../H-x86_64-mingw32/nios2-elf/lib/mno-hw-mul\libc.a(lib_a-impure.o)
                0x0000000010003b2c                _global_impure_ptr
 .sdata._impure_ptr
                0x0000000010003b30        0x4 c:/intelfpga_lite/18.0/nios2eds/bin/gnu/h-x86_64-mingw32/bin/../lib/gcc/nios2-elf/5.3.0/../../../../../H-x86_64-mingw32/nios2-elf/lib/mno-hw-mul\libc.a(lib_a-impure.o)
                0x0000000010003b30                _impure_ptr
 *(.sdata2 .sdata2.* .gnu.linkonce.s2.*)
                0x0000000010003b34                . = ALIGN (0x4)
                0x0000000010003b34                _edata = ABSOLUTE (.)
                [!provide]                        PROVIDE (edata, ABSOLUTE (.))
                0x0000000010003b34                PROVIDE (__ram_rwdata_end, ABSOLUTE (.))
                0x0000000010003b34                PROVIDE (__flash_rwdata_start, LOADADDR (.rwdata))

.bss            0x000000001000518c      0x120
                0x000000001000518c                __bss_start = ABSOLUTE (.)
                [!provide]                        PROVIDE (__sbss_start, ABSOLUTE (.))
                [!provide]                        PROVIDE (___sbss_start, ABSOLUTE (.))
 *(.dynsbss)
 *(.sbss .sbss.* .gnu.linkonce.sb.*)
 .sbss          0x000000001000518c        0xc ../usb_kb_bsp/\libhal_bsp.a(alt_main.o)
                0x000000001000518c                alt_argc
                0x0000000010005190                alt_argv
                0x0000000010005194                alt_envp
 .sbss          0x0000000010005198        0x4 ../usb_kb_bsp/\libhal_bsp.a(alt_irq_vars.o)
                0x0000000010005198                alt_irq_active
 .sbss          0x000000001000519c        0x8 ../usb_kb_bsp/\libhal_bsp.a(alt_tick.o)
                0x000000001000519c                _alt_tick_rate
                0x00000000100051a0                _alt_nticks
 .sbss          0x00000000100051a4        0x4 ../usb_kb_bsp/\libhal_bsp.a(alt_instruction_exception_entry.o)
                0x00000000100051a4                alt_instruction_exception_handler
 .sbss          0x00000000100051a8        0x4 c:/intelfpga_lite/18.0/nios2eds/bin/gnu/h-x86_64-mingw32/bin/../lib/gcc/nios2-elf/5.3.0/../../../../../H-x86_64-mingw32/nios2-elf/lib/mno-hw-mul\libc.a(lib_a-int_errno.o)
                0x00000000100051a8                errno
 *(.sbss2 .sbss2.* .gnu.linkonce.sb2.*)
 *(.scommon)
                [!provide]                        PROVIDE (__sbss_end, ABSOLUTE (.))
                [!provide]                        PROVIDE (___sbss_end, ABSOLUTE (.))
 *(.dynbss)
 *(.bss .bss.* .gnu.linkonce.b.*)
 .bss           0x00000000100051ac        0x0 ../usb_kb_bsp//obj/HAL/src/crt0.o
 .bss           0x00000000100051ac        0x0 ../usb_kb_bsp/\libhal_bsp.a(alt_load.o)
 .bss           0x00000000100051ac        0x0 ../usb_kb_bsp/\libhal_bsp.a(alt_main.o)
 .bss           0x00000000100051ac        0x0 ../usb_kb_bsp/\libhal_bsp.a(alt_sys_init.o)
 .bss           0x00000000100051ac        0x0 ../usb_kb_bsp/\libhal_bsp.a(altera_avalon_jtag_uart_fd.o)
 .bss           0x00000000100051ac        0x0 ../usb_kb_bsp/\libhal_bsp.a(altera_avalon_jtag_uart_init.o)
 .bss           0x00000000100051ac        0x0 ../usb_kb_bsp/\libhal_bsp.a(altera_avalon_jtag_uart_ioctl.o)
 .bss           0x00000000100051ac        0x0 ../usb_kb_bsp/\libhal_bsp.a(altera_avalon_jtag_uart_read.o)
 .bss           0x00000000100051ac        0x0 ../usb_kb_bsp/\libhal_bsp.a(altera_avalon_jtag_uart_write.o)
 .bss           0x00000000100051ac        0x0 ../usb_kb_bsp/\libhal_bsp.a(alt_alarm_start.o)
 .bss           0x00000000100051ac        0x0 ../usb_kb_bsp/\libhal_bsp.a(alt_close.o)
 .bss           0x00000000100051ac        0x0 ../usb_kb_bsp/\libhal_bsp.a(alt_dcache_flush_all.o)
 .bss           0x00000000100051ac        0x0 ../usb_kb_bsp/\libhal_bsp.a(alt_dev.o)
 .bss           0x00000000100051ac        0x0 ../usb_kb_bsp/\libhal_bsp.a(alt_dev_llist_insert.o)
 .bss           0x00000000100051ac        0x0 ../usb_kb_bsp/\libhal_bsp.a(alt_do_ctors.o)
 .bss           0x00000000100051ac        0x0 ../usb_kb_bsp/\libhal_bsp.a(alt_do_dtors.o)
 .bss           0x00000000100051ac        0x0 ../usb_kb_bsp/\libhal_bsp.a(alt_errno.o)
 .bss           0x00000000100051ac        0x0 ../usb_kb_bsp/\libhal_bsp.a(alt_icache_flush_all.o)
 .bss           0x00000000100051ac        0x0 ../usb_kb_bsp/\libhal_bsp.a(alt_iic.o)
 .bss           0x00000000100051ac        0x0 ../usb_kb_bsp/\libhal_bsp.a(alt_iic_isr_register.o)
 .bss           0x00000000100051ac        0x0 ../usb_kb_bsp/\libhal_bsp.a(alt_io_redirect.o)
 .bss           0x00000000100051ac        0x0 ../usb_kb_bsp/\libhal_bsp.a(alt_irq_entry.o)
 .bss           0x00000000100051ac        0x0 ../usb_kb_bsp/\libhal_bsp.a(alt_irq_handler.o)
 .bss           0x00000000100051ac        0x0 ../usb_kb_bsp/\libhal_bsp.a(alt_irq_vars.o)
 .bss           0x00000000100051ac        0x0 ../usb_kb_bsp/\libhal_bsp.a(alt_open.o)
 .bss           0x00000000100051ac        0x0 ../usb_kb_bsp/\libhal_bsp.a(alt_release_fd.o)
 .bss           0x00000000100051ac        0x0 ../usb_kb_bsp/\libhal_bsp.a(alt_tick.o)
 .bss           0x00000000100051ac        0x0 ../usb_kb_bsp/\libhal_bsp.a(altera_nios2_gen2_irq.o)
 .bss           0x00000000100051ac        0x0 ../usb_kb_bsp/\libhal_bsp.a(alt_exception_entry.o)
 .bss           0x00000000100051ac        0x0 ../usb_kb_bsp/\libhal_bsp.a(alt_find_dev.o)
 .bss           0x00000000100051ac        0x0 ../usb_kb_bsp/\libhal_bsp.a(alt_find_file.o)
 .bss           0x00000000100051ac        0x0 ../usb_kb_bsp/\libhal_bsp.a(alt_get_fd.o)
 .bss           0x00000000100051ac        0x0 ../usb_kb_bsp/\libhal_bsp.a(alt_instruction_exception_entry.o)
 .bss           0x00000000100051ac        0x0 c:/intelfpga_lite/18.0/nios2eds/bin/gnu/h-x86_64-mingw32/bin/../lib/gcc/nios2-elf/5.3.0/../../../../../H-x86_64-mingw32/nios2-elf/lib/mno-hw-mul\libc.a(lib_a-atexit.o)
 .bss           0x00000000100051ac        0x0 c:/intelfpga_lite/18.0/nios2eds/bin/gnu/h-x86_64-mingw32/bin/../lib/gcc/nios2-elf/5.3.0/../../../../../H-x86_64-mingw32/nios2-elf/lib/mno-hw-mul\libc.a(lib_a-exit.o)
 .bss           0x00000000100051ac        0x0 c:/intelfpga_lite/18.0/nios2eds/bin/gnu/h-x86_64-mingw32/bin/../lib/gcc/nios2-elf/5.3.0/../../../../../H-x86_64-mingw32/nios2-elf/lib/mno-hw-mul\libc.a(lib_a-impure.o)
 .bss           0x00000000100051ac        0x0 c:/intelfpga_lite/18.0/nios2eds/bin/gnu/h-x86_64-mingw32/bin/../lib/gcc/nios2-elf/5.3.0/../../../../../H-x86_64-mingw32/nios2-elf/lib/mno-hw-mul\libc.a(lib_a-int_errno.o)
 .bss           0x00000000100051ac        0x0 c:/intelfpga_lite/18.0/nios2eds/bin/gnu/h-x86_64-mingw32/bin/../lib/gcc/nios2-elf/5.3.0/../../../../../H-x86_64-mingw32/nios2-elf/lib/mno-hw-mul\libc.a(lib_a-memcmp.o)
 .bss           0x00000000100051ac        0x0 c:/intelfpga_lite/18.0/nios2eds/bin/gnu/h-x86_64-mingw32/bin/../lib/gcc/nios2-elf/5.3.0/../../../../../H-x86_64-mingw32/nios2-elf/lib/mno-hw-mul\libc.a(lib_a-memcpy.o)
 .bss           0x00000000100051ac        0x0 c:/intelfpga_lite/18.0/nios2eds/bin/gnu/h-x86_64-mingw32/bin/../lib/gcc/nios2-elf/5.3.0/../../../../../H-x86_64-mingw32/nios2-elf/lib/mno-hw-mul\libc.a(lib_a-strlen.o)
 .bss           0x00000000100051ac        0x0 c:/intelfpga_lite/18.0/nios2eds/bin/gnu/h-x86_64-mingw32/bin/../lib/gcc/nios2-elf/5.3.0/../../../../../H-x86_64-mingw32/nios2-elf/lib/mno-hw-mul\libc.a(lib_a-__atexit.o)
 .bss           0x00000000100051ac        0x0 c:/intelfpga_lite/18.0/nios2eds/bin/gnu/h-x86_64-mingw32/bin/../lib/gcc/nios2-elf/5.3.0/../../../../../H-x86_64-mingw32/nios2-elf/lib/mno-hw-mul\libc.a(lib_a-__call_atexit.o)
 .bss           0x00000000100051ac        0x0 c:/intelfpga_lite/18.0/nios2eds/bin/gnu/h-x86_64-mingw32/bin/../lib/gcc/nios2-elf/5.3.0/mno-hw-mul\libgcc.a(lib2-mul.o)
 .bss           0x00000000100051ac        0x0 ../usb_kb_bsp/\libhal_bsp.a(alt_exit.o)
 *(COMMON)
 COMMON         0x00000000100051ac      0x100 ../usb_kb_bsp/\libhal_bsp.a(alt_irq_handler.o)
                0x00000000100051ac                alt_irq
                0x00000000100052ac                . = ALIGN (0x4)
                0x00000000100052ac                __bss_end = ABSOLUTE (.)

.onchip_memory2_0
                0x0000000000000000        0x0 load address 0x00000000100052ac
                [!provide]                        PROVIDE (_alt_partition_onchip_memory2_0_start, ABSOLUTE (.))
 *(.onchip_memory2_0 .onchip_memory2_0. onchip_memory2_0.*)
                0x0000000000000000                . = ALIGN (0x4)
                [!provide]                        PROVIDE (_alt_partition_onchip_memory2_0_end, ABSOLUTE (.))
                [!provide]                        PROVIDE (_alt_partition_onchip_memory2_0_load_addr, LOADADDR (.onchip_memory2_0))

.sdram          0x00000000100052ac        0x0
                [!provide]                        PROVIDE (_alt_partition_sdram_start, ABSOLUTE (.))
 *(.sdram .sdram. sdram.*)
                0x00000000100052ac                . = ALIGN (0x4)
                [!provide]                        PROVIDE (_alt_partition_sdram_end, ABSOLUTE (.))
                0x00000000100052ac                _end = ABSOLUTE (.)
                0x00000000100052ac                end = ABSOLUTE (.)
                0x00000000100052ac                __alt_stack_base = ABSOLUTE (.)
                [!provide]                        PROVIDE (_alt_partition_sdram_load_addr, LOADADDR (.sdram))

.stab
 *(.stab)

.stabstr
 *(.stabstr)

.stab.excl
 *(.stab.excl)

.stab.exclstr
 *(.stab.exclstr)

.stab.index
 *(.stab.index)

.stab.indexstr
 *(.stab.indexstr)

.comment        0x0000000000000000       0x23
 *(.comment)
 .comment       0x0000000000000000       0x23 ../usb_kb_bsp/\libhal_bsp.a(alt_load.o)
                                         0x24 (size before relaxing)
 .comment       0x0000000000000023       0x24 ../usb_kb_bsp/\libhal_bsp.a(alt_main.o)
 .comment       0x0000000000000023       0x24 ../usb_kb_bsp/\libhal_bsp.a(alt_sys_init.o)
 .comment       0x0000000000000023       0x24 ../usb_kb_bsp/\libhal_bsp.a(altera_avalon_jtag_uart_fd.o)
 .comment       0x0000000000000023       0x24 ../usb_kb_bsp/\libhal_bsp.a(altera_avalon_jtag_uart_init.o)
 .comment       0x0000000000000023       0x24 ../usb_kb_bsp/\libhal_bsp.a(altera_avalon_jtag_uart_ioctl.o)
 .comment       0x0000000000000023       0x24 ../usb_kb_bsp/\libhal_bsp.a(altera_avalon_jtag_uart_read.o)
 .comment       0x0000000000000023       0x24 ../usb_kb_bsp/\libhal_bsp.a(altera_avalon_jtag_uart_write.o)
 .comment       0x0000000000000023       0x24 ../usb_kb_bsp/\libhal_bsp.a(alt_alarm_start.o)
 .comment       0x0000000000000023       0x24 ../usb_kb_bsp/\libhal_bsp.a(alt_close.o)
 .comment       0x0000000000000023       0x24 ../usb_kb_bsp/\libhal_bsp.a(alt_dcache_flush_all.o)
 .comment       0x0000000000000023       0x24 ../usb_kb_bsp/\libhal_bsp.a(alt_dev.o)
 .comment       0x0000000000000023       0x24 ../usb_kb_bsp/\libhal_bsp.a(alt_dev_llist_insert.o)
 .comment       0x0000000000000023       0x24 ../usb_kb_bsp/\libhal_bsp.a(alt_do_ctors.o)
 .comment       0x0000000000000023       0x24 ../usb_kb_bsp/\libhal_bsp.a(alt_do_dtors.o)
 .comment       0x0000000000000023       0x24 ../usb_kb_bsp/\libhal_bsp.a(alt_errno.o)
 .comment       0x0000000000000023       0x24 ../usb_kb_bsp/\libhal_bsp.a(alt_icache_flush_all.o)
 .comment       0x0000000000000023       0x24 ../usb_kb_bsp/\libhal_bsp.a(alt_iic.o)
 .comment       0x0000000000000023       0x24 ../usb_kb_bsp/\libhal_bsp.a(alt_iic_isr_register.o)
 .comment       0x0000000000000023       0x24 ../usb_kb_bsp/\libhal_bsp.a(alt_io_redirect.o)
 .comment       0x0000000000000023       0x24 ../usb_kb_bsp/\libhal_bsp.a(alt_irq_handler.o)
 .comment       0x0000000000000023       0x24 ../usb_kb_bsp/\libhal_bsp.a(alt_irq_vars.o)
 .comment       0x0000000000000023       0x24 ../usb_kb_bsp/\libhal_bsp.a(alt_open.o)
 .comment       0x0000000000000023       0x24 ../usb_kb_bsp/\libhal_bsp.a(alt_release_fd.o)
 .comment       0x0000000000000023       0x24 ../usb_kb_bsp/\libhal_bsp.a(alt_tick.o)
 .comment       0x0000000000000023       0x24 ../usb_kb_bsp/\libhal_bsp.a(altera_nios2_gen2_irq.o)
 .comment       0x0000000000000023       0x24 ../usb_kb_bsp/\libhal_bsp.a(alt_find_dev.o)
 .comment       0x0000000000000023       0x24 ../usb_kb_bsp/\libhal_bsp.a(alt_find_file.o)
 .comment       0x0000000000000023       0x24 ../usb_kb_bsp/\libhal_bsp.a(alt_get_fd.o)
 .comment       0x0000000000000023       0x24 ../usb_kb_bsp/\libhal_bsp.a(alt_instruction_exception_entry.o)
 .comment       0x0000000000000023       0x24 c:/intelfpga_lite/18.0/nios2eds/bin/gnu/h-x86_64-mingw32/bin/../lib/gcc/nios2-elf/5.3.0/../../../../../H-x86_64-mingw32/nios2-elf/lib/mno-hw-mul\libc.a(lib_a-atexit.o)
 .comment       0x0000000000000023       0x24 c:/intelfpga_lite/18.0/nios2eds/bin/gnu/h-x86_64-mingw32/bin/../lib/gcc/nios2-elf/5.3.0/../../../../../H-x86_64-mingw32/nios2-elf/lib/mno-hw-mul\libc.a(lib_a-exit.o)
 .comment       0x0000000000000023       0x24 c:/intelfpga_lite/18.0/nios2eds/bin/gnu/h-x86_64-mingw32/bin/../lib/gcc/nios2-elf/5.3.0/../../../../../H-x86_64-mingw32/nios2-elf/lib/mno-hw-mul\libc.a(lib_a-impure.o)
 .comment       0x0000000000000023       0x24 c:/intelfpga_lite/18.0/nios2eds/bin/gnu/h-x86_64-mingw32/bin/../lib/gcc/nios2-elf/5.3.0/../../../../../H-x86_64-mingw32/nios2-elf/lib/mno-hw-mul\libc.a(lib_a-int_errno.o)
 .comment       0x0000000000000023       0x24 c:/intelfpga_lite/18.0/nios2eds/bin/gnu/h-x86_64-mingw32/bin/../lib/gcc/nios2-elf/5.3.0/../../../../../H-x86_64-mingw32/nios2-elf/lib/mno-hw-mul\libc.a(lib_a-memcmp.o)
 .comment       0x0000000000000023       0x24 c:/intelfpga_lite/18.0/nios2eds/bin/gnu/h-x86_64-mingw32/bin/../lib/gcc/nios2-elf/5.3.0/../../../../../H-x86_64-mingw32/nios2-elf/lib/mno-hw-mul\libc.a(lib_a-memcpy.o)
 .comment       0x0000000000000023       0x24 c:/intelfpga_lite/18.0/nios2eds/bin/gnu/h-x86_64-mingw32/bin/../lib/gcc/nios2-elf/5.3.0/../../../../../H-x86_64-mingw32/nios2-elf/lib/mno-hw-mul\libc.a(lib_a-strlen.o)
 .comment       0x0000000000000023       0x24 c:/intelfpga_lite/18.0/nios2eds/bin/gnu/h-x86_64-mingw32/bin/../lib/gcc/nios2-elf/5.3.0/../../../../../H-x86_64-mingw32/nios2-elf/lib/mno-hw-mul\libc.a(lib_a-__atexit.o)
 .comment       0x0000000000000023       0x24 c:/intelfpga_lite/18.0/nios2eds/bin/gnu/h-x86_64-mingw32/bin/../lib/gcc/nios2-elf/5.3.0/../../../../../H-x86_64-mingw32/nios2-elf/lib/mno-hw-mul\libc.a(lib_a-__call_atexit.o)
 .comment       0x0000000000000023       0x24 c:/intelfpga_lite/18.0/nios2eds/bin/gnu/h-x86_64-mingw32/bin/../lib/gcc/nios2-elf/5.3.0/mno-hw-mul\libgcc.a(lib2-mul.o)
 .comment       0x0000000000000023       0x24 ../usb_kb_bsp/\libhal_bsp.a(alt_exit.o)

.debug
 *(.debug)

.line
 *(.line)

.debug_srcinfo
 *(.debug_srcinfo)

.debug_sfnames
 *(.debug_sfnames)

.debug_aranges  0x0000000000000000      0x598
 *(.debug_aranges)
 .debug_aranges
                0x0000000000000000       0x28 ../usb_kb_bsp//obj/HAL/src/crt0.o
 .debug_aranges
                0x0000000000000028       0x20 ../usb_kb_bsp/\libhal_bsp.a(alt_load.o)
 .debug_aranges
                0x0000000000000048       0x20 ../usb_kb_bsp/\libhal_bsp.a(alt_main.o)
 .debug_aranges
                0x0000000000000068       0x20 ../usb_kb_bsp/\libhal_bsp.a(alt_sys_init.o)
 .debug_aranges
                0x0000000000000088       0x20 ../usb_kb_bsp/\libhal_bsp.a(altera_avalon_jtag_uart_fd.o)
 .debug_aranges
                0x00000000000000a8       0x20 ../usb_kb_bsp/\libhal_bsp.a(altera_avalon_jtag_uart_init.o)
 .debug_aranges
                0x00000000000000c8       0x20 ../usb_kb_bsp/\libhal_bsp.a(altera_avalon_jtag_uart_ioctl.o)
 .debug_aranges
                0x00000000000000e8       0x20 ../usb_kb_bsp/\libhal_bsp.a(altera_avalon_jtag_uart_read.o)
 .debug_aranges
                0x0000000000000108       0x20 ../usb_kb_bsp/\libhal_bsp.a(altera_avalon_jtag_uart_write.o)
 .debug_aranges
                0x0000000000000128       0x20 ../usb_kb_bsp/\libhal_bsp.a(alt_alarm_start.o)
 .debug_aranges
                0x0000000000000148       0x20 ../usb_kb_bsp/\libhal_bsp.a(alt_close.o)
 .debug_aranges
                0x0000000000000168       0x20 ../usb_kb_bsp/\libhal_bsp.a(alt_dcache_flush_all.o)
 .debug_aranges
                0x0000000000000188       0x20 ../usb_kb_bsp/\libhal_bsp.a(alt_dev.o)
 .debug_aranges
                0x00000000000001a8       0x20 ../usb_kb_bsp/\libhal_bsp.a(alt_dev_llist_insert.o)
 .debug_aranges
                0x00000000000001c8       0x20 ../usb_kb_bsp/\libhal_bsp.a(alt_do_ctors.o)
 .debug_aranges
                0x00000000000001e8       0x20 ../usb_kb_bsp/\libhal_bsp.a(alt_do_dtors.o)
 .debug_aranges
                0x0000000000000208       0x18 ../usb_kb_bsp/\libhal_bsp.a(alt_errno.o)
 .debug_aranges
                0x0000000000000220       0x20 ../usb_kb_bsp/\libhal_bsp.a(alt_icache_flush_all.o)
 .debug_aranges
                0x0000000000000240       0x20 ../usb_kb_bsp/\libhal_bsp.a(alt_iic.o)
 .debug_aranges
                0x0000000000000260       0x20 ../usb_kb_bsp/\libhal_bsp.a(alt_iic_isr_register.o)
 .debug_aranges
                0x0000000000000280       0x20 ../usb_kb_bsp/\libhal_bsp.a(alt_io_redirect.o)
 .debug_aranges
                0x00000000000002a0       0x30 ../usb_kb_bsp/\libhal_bsp.a(alt_irq_entry.o)
 .debug_aranges
                0x00000000000002d0       0x20 ../usb_kb_bsp/\libhal_bsp.a(alt_irq_handler.o)
 .debug_aranges
                0x00000000000002f0       0x18 ../usb_kb_bsp/\libhal_bsp.a(alt_irq_vars.o)
 .debug_aranges
                0x0000000000000308       0x20 ../usb_kb_bsp/\libhal_bsp.a(alt_open.o)
 .debug_aranges
                0x0000000000000328       0x20 ../usb_kb_bsp/\libhal_bsp.a(alt_release_fd.o)
 .debug_aranges
                0x0000000000000348       0x20 ../usb_kb_bsp/\libhal_bsp.a(alt_tick.o)
 .debug_aranges
                0x0000000000000368       0x20 ../usb_kb_bsp/\libhal_bsp.a(altera_nios2_gen2_irq.o)
 .debug_aranges
                0x0000000000000388       0x38 ../usb_kb_bsp/\libhal_bsp.a(alt_exception_entry.o)
 .debug_aranges
                0x00000000000003c0       0x20 ../usb_kb_bsp/\libhal_bsp.a(alt_find_dev.o)
 .debug_aranges
                0x00000000000003e0       0x20 ../usb_kb_bsp/\libhal_bsp.a(alt_find_file.o)
 .debug_aranges
                0x0000000000000400       0x20 ../usb_kb_bsp/\libhal_bsp.a(alt_get_fd.o)
 .debug_aranges
                0x0000000000000420       0x28 ../usb_kb_bsp/\libhal_bsp.a(alt_instruction_exception_entry.o)
 .debug_aranges
                0x0000000000000448       0x20 c:/intelfpga_lite/18.0/nios2eds/bin/gnu/h-x86_64-mingw32/bin/../lib/gcc/nios2-elf/5.3.0/../../../../../H-x86_64-mingw32/nios2-elf/lib/mno-hw-mul\libc.a(lib_a-atexit.o)
 .debug_aranges
                0x0000000000000468       0x20 c:/intelfpga_lite/18.0/nios2eds/bin/gnu/h-x86_64-mingw32/bin/../lib/gcc/nios2-elf/5.3.0/../../../../../H-x86_64-mingw32/nios2-elf/lib/mno-hw-mul\libc.a(lib_a-exit.o)
 .debug_aranges
                0x0000000000000488       0x18 c:/intelfpga_lite/18.0/nios2eds/bin/gnu/h-x86_64-mingw32/bin/../lib/gcc/nios2-elf/5.3.0/../../../../../H-x86_64-mingw32/nios2-elf/lib/mno-hw-mul\libc.a(lib_a-impure.o)
 .debug_aranges
                0x00000000000004a0       0x18 c:/intelfpga_lite/18.0/nios2eds/bin/gnu/h-x86_64-mingw32/bin/../lib/gcc/nios2-elf/5.3.0/../../../../../H-x86_64-mingw32/nios2-elf/lib/mno-hw-mul\libc.a(lib_a-int_errno.o)
 .debug_aranges
                0x00000000000004b8       0x20 c:/intelfpga_lite/18.0/nios2eds/bin/gnu/h-x86_64-mingw32/bin/../lib/gcc/nios2-elf/5.3.0/../../../../../H-x86_64-mingw32/nios2-elf/lib/mno-hw-mul\libc.a(lib_a-memcmp.o)
 .debug_aranges
                0x00000000000004d8       0x20 c:/intelfpga_lite/18.0/nios2eds/bin/gnu/h-x86_64-mingw32/bin/../lib/gcc/nios2-elf/5.3.0/../../../../../H-x86_64-mingw32/nios2-elf/lib/mno-hw-mul\libc.a(lib_a-memcpy.o)
 .debug_aranges
                0x00000000000004f8       0x20 c:/intelfpga_lite/18.0/nios2eds/bin/gnu/h-x86_64-mingw32/bin/../lib/gcc/nios2-elf/5.3.0/../../../../../H-x86_64-mingw32/nios2-elf/lib/mno-hw-mul\libc.a(lib_a-strlen.o)
 .debug_aranges
                0x0000000000000518       0x20 c:/intelfpga_lite/18.0/nios2eds/bin/gnu/h-x86_64-mingw32/bin/../lib/gcc/nios2-elf/5.3.0/../../../../../H-x86_64-mingw32/nios2-elf/lib/mno-hw-mul\libc.a(lib_a-__atexit.o)
 .debug_aranges
                0x0000000000000538       0x20 c:/intelfpga_lite/18.0/nios2eds/bin/gnu/h-x86_64-mingw32/bin/../lib/gcc/nios2-elf/5.3.0/../../../../../H-x86_64-mingw32/nios2-elf/lib/mno-hw-mul\libc.a(lib_a-__call_atexit.o)
 .debug_aranges
                0x0000000000000558       0x20 c:/intelfpga_lite/18.0/nios2eds/bin/gnu/h-x86_64-mingw32/bin/../lib/gcc/nios2-elf/5.3.0/mno-hw-mul\libgcc.a(lib2-mul.o)
 .debug_aranges
                0x0000000000000578       0x20 ../usb_kb_bsp/\libhal_bsp.a(alt_exit.o)

.debug_pubnames
 *(.debug_pubnames)

.debug_info     0x0000000000000000     0x745a
 *(.debug_info .gnu.linkonce.wi.*)
 .debug_info    0x0000000000000000       0x75 ../usb_kb_bsp//obj/HAL/src/crt0.o
 .debug_info    0x0000000000000075      0x145 ../usb_kb_bsp/\libhal_bsp.a(alt_load.o)
 .debug_info    0x00000000000001ba      0x131 ../usb_kb_bsp/\libhal_bsp.a(alt_main.o)
 .debug_info    0x00000000000002eb      0x4c3 ../usb_kb_bsp/\libhal_bsp.a(alt_sys_init.o)
 .debug_info    0x00000000000007ae      0x52e ../usb_kb_bsp/\libhal_bsp.a(altera_avalon_jtag_uart_fd.o)
 .debug_info    0x0000000000000cdc      0x3a0 ../usb_kb_bsp/\libhal_bsp.a(altera_avalon_jtag_uart_init.o)
 .debug_info    0x000000000000107c      0x280 ../usb_kb_bsp/\libhal_bsp.a(altera_avalon_jtag_uart_ioctl.o)
 .debug_info    0x00000000000012fc      0x345 ../usb_kb_bsp/\libhal_bsp.a(altera_avalon_jtag_uart_read.o)
 .debug_info    0x0000000000001641      0x340 ../usb_kb_bsp/\libhal_bsp.a(altera_avalon_jtag_uart_write.o)
 .debug_info    0x0000000000001981      0x2cc ../usb_kb_bsp/\libhal_bsp.a(alt_alarm_start.o)
 .debug_info    0x0000000000001c4d      0x321 ../usb_kb_bsp/\libhal_bsp.a(alt_close.o)
 .debug_info    0x0000000000001f6e       0x92 ../usb_kb_bsp/\libhal_bsp.a(alt_dcache_flush_all.o)
 .debug_info    0x0000000000002000      0x49c ../usb_kb_bsp/\libhal_bsp.a(alt_dev.o)
 .debug_info    0x000000000000249c      0x1a9 ../usb_kb_bsp/\libhal_bsp.a(alt_dev_llist_insert.o)
 .debug_info    0x0000000000002645       0x83 ../usb_kb_bsp/\libhal_bsp.a(alt_do_ctors.o)
 .debug_info    0x00000000000026c8       0x83 ../usb_kb_bsp/\libhal_bsp.a(alt_do_dtors.o)
 .debug_info    0x000000000000274b       0xa6 ../usb_kb_bsp/\libhal_bsp.a(alt_errno.o)
 .debug_info    0x00000000000027f1       0x92 ../usb_kb_bsp/\libhal_bsp.a(alt_icache_flush_all.o)
 .debug_info    0x0000000000002883      0x350 ../usb_kb_bsp/\libhal_bsp.a(alt_iic.o)
 .debug_info    0x0000000000002bd3      0x1ef ../usb_kb_bsp/\libhal_bsp.a(alt_iic_isr_register.o)
 .debug_info    0x0000000000002dc2      0x4a5 ../usb_kb_bsp/\libhal_bsp.a(alt_io_redirect.o)
 .debug_info    0x0000000000003267       0x7e ../usb_kb_bsp/\libhal_bsp.a(alt_irq_entry.o)
 .debug_info    0x00000000000032e5      0x187 ../usb_kb_bsp/\libhal_bsp.a(alt_irq_handler.o)
 .debug_info    0x000000000000346c       0x88 ../usb_kb_bsp/\libhal_bsp.a(alt_irq_vars.o)
 .debug_info    0x00000000000034f4      0x3bb ../usb_kb_bsp/\libhal_bsp.a(alt_open.o)
 .debug_info    0x00000000000038af      0x2b0 ../usb_kb_bsp/\libhal_bsp.a(alt_release_fd.o)
 .debug_info    0x0000000000003b5f      0x299 ../usb_kb_bsp/\libhal_bsp.a(alt_tick.o)
 .debug_info    0x0000000000003df8       0x92 ../usb_kb_bsp/\libhal_bsp.a(altera_nios2_gen2_irq.o)
 .debug_info    0x0000000000003e8a       0x84 ../usb_kb_bsp/\libhal_bsp.a(alt_exception_entry.o)
 .debug_info    0x0000000000003f0e      0x2e9 ../usb_kb_bsp/\libhal_bsp.a(alt_find_dev.o)
 .debug_info    0x00000000000041f7      0x2e6 ../usb_kb_bsp/\libhal_bsp.a(alt_find_file.o)
 .debug_info    0x00000000000044dd      0x310 ../usb_kb_bsp/\libhal_bsp.a(alt_get_fd.o)
 .debug_info    0x00000000000047ed      0x1e7 ../usb_kb_bsp/\libhal_bsp.a(alt_instruction_exception_entry.o)
 .debug_info    0x00000000000049d4       0xfe c:/intelfpga_lite/18.0/nios2eds/bin/gnu/h-x86_64-mingw32/bin/../lib/gcc/nios2-elf/5.3.0/../../../../../H-x86_64-mingw32/nios2-elf/lib/mno-hw-mul\libc.a(lib_a-atexit.o)
 .debug_info    0x0000000000004ad2      0x8e4 c:/intelfpga_lite/18.0/nios2eds/bin/gnu/h-x86_64-mingw32/bin/../lib/gcc/nios2-elf/5.3.0/../../../../../H-x86_64-mingw32/nios2-elf/lib/mno-hw-mul\libc.a(lib_a-exit.o)
 .debug_info    0x00000000000053b6      0x8a1 c:/intelfpga_lite/18.0/nios2eds/bin/gnu/h-x86_64-mingw32/bin/../lib/gcc/nios2-elf/5.3.0/../../../../../H-x86_64-mingw32/nios2-elf/lib/mno-hw-mul\libc.a(lib_a-impure.o)
 .debug_info    0x0000000000005c57       0x8a c:/intelfpga_lite/18.0/nios2eds/bin/gnu/h-x86_64-mingw32/bin/../lib/gcc/nios2-elf/5.3.0/../../../../../H-x86_64-mingw32/nios2-elf/lib/mno-hw-mul\libc.a(lib_a-int_errno.o)
 .debug_info    0x0000000000005ce1      0x11a c:/intelfpga_lite/18.0/nios2eds/bin/gnu/h-x86_64-mingw32/bin/../lib/gcc/nios2-elf/5.3.0/../../../../../H-x86_64-mingw32/nios2-elf/lib/mno-hw-mul\libc.a(lib_a-memcmp.o)
 .debug_info    0x0000000000005dfb      0x144 c:/intelfpga_lite/18.0/nios2eds/bin/gnu/h-x86_64-mingw32/bin/../lib/gcc/nios2-elf/5.3.0/../../../../../H-x86_64-mingw32/nios2-elf/lib/mno-hw-mul\libc.a(lib_a-memcpy.o)
 .debug_info    0x0000000000005f3f       0xe2 c:/intelfpga_lite/18.0/nios2eds/bin/gnu/h-x86_64-mingw32/bin/../lib/gcc/nios2-elf/5.3.0/../../../../../H-x86_64-mingw32/nios2-elf/lib/mno-hw-mul\libc.a(lib_a-strlen.o)
 .debug_info    0x0000000000006021      0x934 c:/intelfpga_lite/18.0/nios2eds/bin/gnu/h-x86_64-mingw32/bin/../lib/gcc/nios2-elf/5.3.0/../../../../../H-x86_64-mingw32/nios2-elf/lib/mno-hw-mul\libc.a(lib_a-__atexit.o)
 .debug_info    0x0000000000006955      0x965 c:/intelfpga_lite/18.0/nios2eds/bin/gnu/h-x86_64-mingw32/bin/../lib/gcc/nios2-elf/5.3.0/../../../../../H-x86_64-mingw32/nios2-elf/lib/mno-hw-mul\libc.a(lib_a-__call_atexit.o)
 .debug_info    0x00000000000072ba       0xb4 c:/intelfpga_lite/18.0/nios2eds/bin/gnu/h-x86_64-mingw32/bin/../lib/gcc/nios2-elf/5.3.0/mno-hw-mul\libgcc.a(lib2-mul.o)
 .debug_info    0x000000000000736e       0xec ../usb_kb_bsp/\libhal_bsp.a(alt_exit.o)

.debug_abbrev   0x0000000000000000     0x28b4
 *(.debug_abbrev)
 .debug_abbrev  0x0000000000000000       0x12 ../usb_kb_bsp//obj/HAL/src/crt0.o
 .debug_abbrev  0x0000000000000012       0x9f ../usb_kb_bsp/\libhal_bsp.a(alt_load.o)
 .debug_abbrev  0x00000000000000b1       0xba ../usb_kb_bsp/\libhal_bsp.a(alt_main.o)
 .debug_abbrev  0x000000000000016b      0x187 ../usb_kb_bsp/\libhal_bsp.a(alt_sys_init.o)
 .debug_abbrev  0x00000000000002f2      0x127 ../usb_kb_bsp/\libhal_bsp.a(altera_avalon_jtag_uart_fd.o)
 .debug_abbrev  0x0000000000000419      0x19e ../usb_kb_bsp/\libhal_bsp.a(altera_avalon_jtag_uart_init.o)
 .debug_abbrev  0x00000000000005b7      0x111 ../usb_kb_bsp/\libhal_bsp.a(altera_avalon_jtag_uart_ioctl.o)
 .debug_abbrev  0x00000000000006c8      0x1aa ../usb_kb_bsp/\libhal_bsp.a(altera_avalon_jtag_uart_read.o)
 .debug_abbrev  0x0000000000000872      0x1a8 ../usb_kb_bsp/\libhal_bsp.a(altera_avalon_jtag_uart_write.o)
 .debug_abbrev  0x0000000000000a1a      0x162 ../usb_kb_bsp/\libhal_bsp.a(alt_alarm_start.o)
 .debug_abbrev  0x0000000000000b7c      0x11f ../usb_kb_bsp/\libhal_bsp.a(alt_close.o)
 .debug_abbrev  0x0000000000000c9b       0x42 ../usb_kb_bsp/\libhal_bsp.a(alt_dcache_flush_all.o)
 .debug_abbrev  0x0000000000000cdd       0xd9 ../usb_kb_bsp/\libhal_bsp.a(alt_dev.o)
 .debug_abbrev  0x0000000000000db6      0x114 ../usb_kb_bsp/\libhal_bsp.a(alt_dev_llist_insert.o)
 .debug_abbrev  0x0000000000000eca       0x79 ../usb_kb_bsp/\libhal_bsp.a(alt_do_ctors.o)
 .debug_abbrev  0x0000000000000f43       0x79 ../usb_kb_bsp/\libhal_bsp.a(alt_do_dtors.o)
 .debug_abbrev  0x0000000000000fbc       0x5a ../usb_kb_bsp/\libhal_bsp.a(alt_errno.o)
 .debug_abbrev  0x0000000000001016       0x42 ../usb_kb_bsp/\libhal_bsp.a(alt_icache_flush_all.o)
 .debug_abbrev  0x0000000000001058      0x163 ../usb_kb_bsp/\libhal_bsp.a(alt_iic.o)
 .debug_abbrev  0x00000000000011bb      0x169 ../usb_kb_bsp/\libhal_bsp.a(alt_iic_isr_register.o)
 .debug_abbrev  0x0000000000001324      0x114 ../usb_kb_bsp/\libhal_bsp.a(alt_io_redirect.o)
 .debug_abbrev  0x0000000000001438       0x12 ../usb_kb_bsp/\libhal_bsp.a(alt_irq_entry.o)
 .debug_abbrev  0x000000000000144a      0x122 ../usb_kb_bsp/\libhal_bsp.a(alt_irq_handler.o)
 .debug_abbrev  0x000000000000156c       0x40 ../usb_kb_bsp/\libhal_bsp.a(alt_irq_vars.o)
 .debug_abbrev  0x00000000000015ac      0x148 ../usb_kb_bsp/\libhal_bsp.a(alt_open.o)
 .debug_abbrev  0x00000000000016f4       0xde ../usb_kb_bsp/\libhal_bsp.a(alt_release_fd.o)
 .debug_abbrev  0x00000000000017d2      0x15a ../usb_kb_bsp/\libhal_bsp.a(alt_tick.o)
 .debug_abbrev  0x000000000000192c       0x42 ../usb_kb_bsp/\libhal_bsp.a(altera_nios2_gen2_irq.o)
 .debug_abbrev  0x000000000000196e       0x12 ../usb_kb_bsp/\libhal_bsp.a(alt_exception_entry.o)
 .debug_abbrev  0x0000000000001980       0xf0 ../usb_kb_bsp/\libhal_bsp.a(alt_find_dev.o)
 .debug_abbrev  0x0000000000001a70       0xf0 ../usb_kb_bsp/\libhal_bsp.a(alt_find_file.o)
 .debug_abbrev  0x0000000000001b60      0x10d ../usb_kb_bsp/\libhal_bsp.a(alt_get_fd.o)
 .debug_abbrev  0x0000000000001c6d       0xdc ../usb_kb_bsp/\libhal_bsp.a(alt_instruction_exception_entry.o)
 .debug_abbrev  0x0000000000001d49       0xaa c:/intelfpga_lite/18.0/nios2eds/bin/gnu/h-x86_64-mingw32/bin/../lib/gcc/nios2-elf/5.3.0/../../../../../H-x86_64-mingw32/nios2-elf/lib/mno-hw-mul\libc.a(lib_a-atexit.o)
 .debug_abbrev  0x0000000000001df3      0x1e5 c:/intelfpga_lite/18.0/nios2eds/bin/gnu/h-x86_64-mingw32/bin/../lib/gcc/nios2-elf/5.3.0/../../../../../H-x86_64-mingw32/nios2-elf/lib/mno-hw-mul\libc.a(lib_a-exit.o)
 .debug_abbrev  0x0000000000001fd8      0x18f c:/intelfpga_lite/18.0/nios2eds/bin/gnu/h-x86_64-mingw32/bin/../lib/gcc/nios2-elf/5.3.0/../../../../../H-x86_64-mingw32/nios2-elf/lib/mno-hw-mul\libc.a(lib_a-impure.o)
 .debug_abbrev  0x0000000000002167       0x37 c:/intelfpga_lite/18.0/nios2eds/bin/gnu/h-x86_64-mingw32/bin/../lib/gcc/nios2-elf/5.3.0/../../../../../H-x86_64-mingw32/nios2-elf/lib/mno-hw-mul\libc.a(lib_a-int_errno.o)
 .debug_abbrev  0x000000000000219e       0x7f c:/intelfpga_lite/18.0/nios2eds/bin/gnu/h-x86_64-mingw32/bin/../lib/gcc/nios2-elf/5.3.0/../../../../../H-x86_64-mingw32/nios2-elf/lib/mno-hw-mul\libc.a(lib_a-memcmp.o)
 .debug_abbrev  0x000000000000221d       0xa3 c:/intelfpga_lite/18.0/nios2eds/bin/gnu/h-x86_64-mingw32/bin/../lib/gcc/nios2-elf/5.3.0/../../../../../H-x86_64-mingw32/nios2-elf/lib/mno-hw-mul\libc.a(lib_a-memcpy.o)
 .debug_abbrev  0x00000000000022c0       0x90 c:/intelfpga_lite/18.0/nios2eds/bin/gnu/h-x86_64-mingw32/bin/../lib/gcc/nios2-elf/5.3.0/../../../../../H-x86_64-mingw32/nios2-elf/lib/mno-hw-mul\libc.a(lib_a-strlen.o)
 .debug_abbrev  0x0000000000002350      0x21e c:/intelfpga_lite/18.0/nios2eds/bin/gnu/h-x86_64-mingw32/bin/../lib/gcc/nios2-elf/5.3.0/../../../../../H-x86_64-mingw32/nios2-elf/lib/mno-hw-mul\libc.a(lib_a-__atexit.o)
 .debug_abbrev  0x000000000000256e      0x22e c:/intelfpga_lite/18.0/nios2eds/bin/gnu/h-x86_64-mingw32/bin/../lib/gcc/nios2-elf/5.3.0/../../../../../H-x86_64-mingw32/nios2-elf/lib/mno-hw-mul\libc.a(lib_a-__call_atexit.o)
 .debug_abbrev  0x000000000000279c       0x6f c:/intelfpga_lite/18.0/nios2eds/bin/gnu/h-x86_64-mingw32/bin/../lib/gcc/nios2-elf/5.3.0/mno-hw-mul\libgcc.a(lib2-mul.o)
 .debug_abbrev  0x000000000000280b       0xa9 ../usb_kb_bsp/\libhal_bsp.a(alt_exit.o)

.debug_line     0x0000000000000000     0x2914
 *(.debug_line)
 .debug_line    0x0000000000000000       0x66 ../usb_kb_bsp//obj/HAL/src/crt0.o
 .debug_line    0x0000000000000066       0x8e ../usb_kb_bsp/\libhal_bsp.a(alt_load.o)
 .debug_line    0x00000000000000f4       0xa4 ../usb_kb_bsp/\libhal_bsp.a(alt_main.o)
 .debug_line    0x0000000000000198      0x137 ../usb_kb_bsp/\libhal_bsp.a(alt_sys_init.o)
 .debug_line    0x00000000000002cf      0x12f ../usb_kb_bsp/\libhal_bsp.a(altera_avalon_jtag_uart_fd.o)
 .debug_line    0x00000000000003fe      0x18b ../usb_kb_bsp/\libhal_bsp.a(altera_avalon_jtag_uart_init.o)
 .debug_line    0x0000000000000589      0x131 ../usb_kb_bsp/\libhal_bsp.a(altera_avalon_jtag_uart_ioctl.o)
 .debug_line    0x00000000000006ba      0x171 ../usb_kb_bsp/\libhal_bsp.a(altera_avalon_jtag_uart_read.o)
 .debug_line    0x000000000000082b      0x170 ../usb_kb_bsp/\libhal_bsp.a(altera_avalon_jtag_uart_write.o)
 .debug_line    0x000000000000099b       0xf9 ../usb_kb_bsp/\libhal_bsp.a(alt_alarm_start.o)
 .debug_line    0x0000000000000a94      0x165 ../usb_kb_bsp/\libhal_bsp.a(alt_close.o)
 .debug_line    0x0000000000000bf9       0x51 ../usb_kb_bsp/\libhal_bsp.a(alt_dcache_flush_all.o)
 .debug_line    0x0000000000000c4a       0xf8 ../usb_kb_bsp/\libhal_bsp.a(alt_dev.o)
 .debug_line    0x0000000000000d42       0xcf ../usb_kb_bsp/\libhal_bsp.a(alt_dev_llist_insert.o)
 .debug_line    0x0000000000000e11       0x59 ../usb_kb_bsp/\libhal_bsp.a(alt_do_ctors.o)
 .debug_line    0x0000000000000e6a       0x59 ../usb_kb_bsp/\libhal_bsp.a(alt_do_dtors.o)
 .debug_line    0x0000000000000ec3       0x51 ../usb_kb_bsp/\libhal_bsp.a(alt_errno.o)
 .debug_line    0x0000000000000f14       0x4f ../usb_kb_bsp/\libhal_bsp.a(alt_icache_flush_all.o)
 .debug_line    0x0000000000000f63       0xeb ../usb_kb_bsp/\libhal_bsp.a(alt_iic.o)
 .debug_line    0x000000000000104e       0xdb ../usb_kb_bsp/\libhal_bsp.a(alt_iic_isr_register.o)
 .debug_line    0x0000000000001129      0x135 ../usb_kb_bsp/\libhal_bsp.a(alt_io_redirect.o)
 .debug_line    0x000000000000125e       0x6b ../usb_kb_bsp/\libhal_bsp.a(alt_irq_entry.o)
 .debug_line    0x00000000000012c9       0xaa ../usb_kb_bsp/\libhal_bsp.a(alt_irq_handler.o)
 .debug_line    0x0000000000001373       0x50 ../usb_kb_bsp/\libhal_bsp.a(alt_irq_vars.o)
 .debug_line    0x00000000000013c3      0x12b ../usb_kb_bsp/\libhal_bsp.a(alt_open.o)
 .debug_line    0x00000000000014ee       0xb0 ../usb_kb_bsp/\libhal_bsp.a(alt_release_fd.o)
 .debug_line    0x000000000000159e       0xff ../usb_kb_bsp/\libhal_bsp.a(alt_tick.o)
 .debug_line    0x000000000000169d       0x51 ../usb_kb_bsp/\libhal_bsp.a(altera_nios2_gen2_irq.o)
 .debug_line    0x00000000000016ee       0xb3 ../usb_kb_bsp/\libhal_bsp.a(alt_exception_entry.o)
 .debug_line    0x00000000000017a1       0xb5 ../usb_kb_bsp/\libhal_bsp.a(alt_find_dev.o)
 .debug_line    0x0000000000001856       0xd1 ../usb_kb_bsp/\libhal_bsp.a(alt_find_file.o)
 .debug_line    0x0000000000001927       0xd7 ../usb_kb_bsp/\libhal_bsp.a(alt_get_fd.o)
 .debug_line    0x00000000000019fe       0xb9 ../usb_kb_bsp/\libhal_bsp.a(alt_instruction_exception_entry.o)
 .debug_line    0x0000000000001ab7       0xe7 c:/intelfpga_lite/18.0/nios2eds/bin/gnu/h-x86_64-mingw32/bin/../lib/gcc/nios2-elf/5.3.0/../../../../../H-x86_64-mingw32/nios2-elf/lib/mno-hw-mul\libc.a(lib_a-atexit.o)
 .debug_line    0x0000000000001b9e      0x1fc c:/intelfpga_lite/18.0/nios2eds/bin/gnu/h-x86_64-mingw32/bin/../lib/gcc/nios2-elf/5.3.0/../../../../../H-x86_64-mingw32/nios2-elf/lib/mno-hw-mul\libc.a(lib_a-exit.o)
 .debug_line    0x0000000000001d9a      0x160 c:/intelfpga_lite/18.0/nios2eds/bin/gnu/h-x86_64-mingw32/bin/../lib/gcc/nios2-elf/5.3.0/../../../../../H-x86_64-mingw32/nios2-elf/lib/mno-hw-mul\libc.a(lib_a-impure.o)
 .debug_line    0x0000000000001efa       0x5f c:/intelfpga_lite/18.0/nios2eds/bin/gnu/h-x86_64-mingw32/bin/../lib/gcc/nios2-elf/5.3.0/../../../../../H-x86_64-mingw32/nios2-elf/lib/mno-hw-mul\libc.a(lib_a-int_errno.o)
 .debug_line    0x0000000000001f59      0x176 c:/intelfpga_lite/18.0/nios2eds/bin/gnu/h-x86_64-mingw32/bin/../lib/gcc/nios2-elf/5.3.0/../../../../../H-x86_64-mingw32/nios2-elf/lib/mno-hw-mul\libc.a(lib_a-memcmp.o)
 .debug_line    0x00000000000020cf      0x18c c:/intelfpga_lite/18.0/nios2eds/bin/gnu/h-x86_64-mingw32/bin/../lib/gcc/nios2-elf/5.3.0/../../../../../H-x86_64-mingw32/nios2-elf/lib/mno-hw-mul\libc.a(lib_a-memcpy.o)
 .debug_line    0x000000000000225b      0x16f c:/intelfpga_lite/18.0/nios2eds/bin/gnu/h-x86_64-mingw32/bin/../lib/gcc/nios2-elf/5.3.0/../../../../../H-x86_64-mingw32/nios2-elf/lib/mno-hw-mul\libc.a(lib_a-strlen.o)
 .debug_line    0x00000000000023ca      0x21f c:/intelfpga_lite/18.0/nios2eds/bin/gnu/h-x86_64-mingw32/bin/../lib/gcc/nios2-elf/5.3.0/../../../../../H-x86_64-mingw32/nios2-elf/lib/mno-hw-mul\libc.a(lib_a-__atexit.o)
 .debug_line    0x00000000000025e9      0x23a c:/intelfpga_lite/18.0/nios2eds/bin/gnu/h-x86_64-mingw32/bin/../lib/gcc/nios2-elf/5.3.0/../../../../../H-x86_64-mingw32/nios2-elf/lib/mno-hw-mul\libc.a(lib_a-__call_atexit.o)
 .debug_line    0x0000000000002823       0x80 c:/intelfpga_lite/18.0/nios2eds/bin/gnu/h-x86_64-mingw32/bin/../lib/gcc/nios2-elf/5.3.0/mno-hw-mul\libgcc.a(lib2-mul.o)
 .debug_line    0x00000000000028a3       0x71 ../usb_kb_bsp/\libhal_bsp.a(alt_exit.o)

.debug_frame    0x0000000000000000      0xa78
 *(.debug_frame)
 .debug_frame   0x0000000000000000       0x5c ../usb_kb_bsp/\libhal_bsp.a(alt_load.o)
 .debug_frame   0x000000000000005c       0x2c ../usb_kb_bsp/\libhal_bsp.a(alt_main.o)
 .debug_frame   0x0000000000000088       0x88 ../usb_kb_bsp/\libhal_bsp.a(alt_sys_init.o)
 .debug_frame   0x0000000000000110       0xb0 ../usb_kb_bsp/\libhal_bsp.a(altera_avalon_jtag_uart_fd.o)
 .debug_frame   0x00000000000001c0       0xa4 ../usb_kb_bsp/\libhal_bsp.a(altera_avalon_jtag_uart_init.o)
 .debug_frame   0x0000000000000264       0x34 ../usb_kb_bsp/\libhal_bsp.a(altera_avalon_jtag_uart_ioctl.o)
 .debug_frame   0x0000000000000298       0x38 ../usb_kb_bsp/\libhal_bsp.a(altera_avalon_jtag_uart_read.o)
 .debug_frame   0x00000000000002d0       0x38 ../usb_kb_bsp/\libhal_bsp.a(altera_avalon_jtag_uart_write.o)
 .debug_frame   0x0000000000000308       0x34 ../usb_kb_bsp/\libhal_bsp.a(alt_alarm_start.o)
 .debug_frame   0x000000000000033c       0x60 ../usb_kb_bsp/\libhal_bsp.a(alt_close.o)
 .debug_frame   0x000000000000039c       0x34 ../usb_kb_bsp/\libhal_bsp.a(alt_dcache_flush_all.o)
 .debug_frame   0x00000000000003d0       0x34 ../usb_kb_bsp/\libhal_bsp.a(alt_dev.o)
 .debug_frame   0x0000000000000404       0x60 ../usb_kb_bsp/\libhal_bsp.a(alt_dev_llist_insert.o)
 .debug_frame   0x0000000000000464       0x38 ../usb_kb_bsp/\libhal_bsp.a(alt_do_ctors.o)
 .debug_frame   0x000000000000049c       0x38 ../usb_kb_bsp/\libhal_bsp.a(alt_do_dtors.o)
 .debug_frame   0x00000000000004d4       0x34 ../usb_kb_bsp/\libhal_bsp.a(alt_icache_flush_all.o)
 .debug_frame   0x0000000000000508       0xa4 ../usb_kb_bsp/\libhal_bsp.a(alt_iic.o)
 .debug_frame   0x00000000000005ac       0x38 ../usb_kb_bsp/\libhal_bsp.a(alt_iic_isr_register.o)
 .debug_frame   0x00000000000005e4       0x64 ../usb_kb_bsp/\libhal_bsp.a(alt_io_redirect.o)
 .debug_frame   0x0000000000000648       0x38 ../usb_kb_bsp/\libhal_bsp.a(alt_irq_handler.o)
 .debug_frame   0x0000000000000680       0x8c ../usb_kb_bsp/\libhal_bsp.a(alt_open.o)
 .debug_frame   0x000000000000070c       0x3c ../usb_kb_bsp/\libhal_bsp.a(alt_release_fd.o)
 .debug_frame   0x0000000000000748       0x5c ../usb_kb_bsp/\libhal_bsp.a(alt_tick.o)
 .debug_frame   0x00000000000007a4       0x34 ../usb_kb_bsp/\libhal_bsp.a(altera_nios2_gen2_irq.o)
 .debug_frame   0x00000000000007d8       0x38 ../usb_kb_bsp/\libhal_bsp.a(alt_find_dev.o)
 .debug_frame   0x0000000000000810       0x38 ../usb_kb_bsp/\libhal_bsp.a(alt_find_file.o)
 .debug_frame   0x0000000000000848       0x3c ../usb_kb_bsp/\libhal_bsp.a(alt_get_fd.o)
 .debug_frame   0x0000000000000884       0x5c ../usb_kb_bsp/\libhal_bsp.a(alt_instruction_exception_entry.o)
 .debug_frame   0x00000000000008e0       0x20 c:/intelfpga_lite/18.0/nios2eds/bin/gnu/h-x86_64-mingw32/bin/../lib/gcc/nios2-elf/5.3.0/../../../../../H-x86_64-mingw32/nios2-elf/lib/mno-hw-mul\libc.a(lib_a-atexit.o)
 .debug_frame   0x0000000000000900       0x28 c:/intelfpga_lite/18.0/nios2eds/bin/gnu/h-x86_64-mingw32/bin/../lib/gcc/nios2-elf/5.3.0/../../../../../H-x86_64-mingw32/nios2-elf/lib/mno-hw-mul\libc.a(lib_a-exit.o)
 .debug_frame   0x0000000000000928       0x20 c:/intelfpga_lite/18.0/nios2eds/bin/gnu/h-x86_64-mingw32/bin/../lib/gcc/nios2-elf/5.3.0/../../../../../H-x86_64-mingw32/nios2-elf/lib/mno-hw-mul\libc.a(lib_a-memcmp.o)
 .debug_frame   0x0000000000000948       0x38 c:/intelfpga_lite/18.0/nios2eds/bin/gnu/h-x86_64-mingw32/bin/../lib/gcc/nios2-elf/5.3.0/../../../../../H-x86_64-mingw32/nios2-elf/lib/mno-hw-mul\libc.a(lib_a-memcpy.o)
 .debug_frame   0x0000000000000980       0x20 c:/intelfpga_lite/18.0/nios2eds/bin/gnu/h-x86_64-mingw32/bin/../lib/gcc/nios2-elf/5.3.0/../../../../../H-x86_64-mingw32/nios2-elf/lib/mno-hw-mul\libc.a(lib_a-strlen.o)
 .debug_frame   0x00000000000009a0       0x38 c:/intelfpga_lite/18.0/nios2eds/bin/gnu/h-x86_64-mingw32/bin/../lib/gcc/nios2-elf/5.3.0/../../../../../H-x86_64-mingw32/nios2-elf/lib/mno-hw-mul\libc.a(lib_a-__atexit.o)
 .debug_frame   0x00000000000009d8       0x54 c:/intelfpga_lite/18.0/nios2eds/bin/gnu/h-x86_64-mingw32/bin/../lib/gcc/nios2-elf/5.3.0/../../../../../H-x86_64-mingw32/nios2-elf/lib/mno-hw-mul\libc.a(lib_a-__call_atexit.o)
 .debug_frame   0x0000000000000a2c       0x20 c:/intelfpga_lite/18.0/nios2eds/bin/gnu/h-x86_64-mingw32/bin/../lib/gcc/nios2-elf/5.3.0/mno-hw-mul\libgcc.a(lib2-mul.o)
 .debug_frame   0x0000000000000a4c       0x2c ../usb_kb_bsp/\libhal_bsp.a(alt_exit.o)

.debug_str      0x0000000000000000     0x1b1a
 *(.debug_str)
 .debug_str     0x0000000000000000      0x1e0 ../usb_kb_bsp/\libhal_bsp.a(alt_load.o)
                                        0x219 (size before relaxing)
 .debug_str     0x00000000000001e0       0x70 ../usb_kb_bsp/\libhal_bsp.a(alt_main.o)
                                        0x1a4 (size before relaxing)
 .debug_str     0x0000000000000250      0x1a2 ../usb_kb_bsp/\libhal_bsp.a(alt_sys_init.o)
                                        0x35f (size before relaxing)
 .debug_str     0x00000000000003f2       0xb9 ../usb_kb_bsp/\libhal_bsp.a(altera_avalon_jtag_uart_fd.o)
                                        0x3ab (size before relaxing)
 .debug_str     0x00000000000004ab       0xd1 ../usb_kb_bsp/\libhal_bsp.a(altera_avalon_jtag_uart_init.o)
                                        0x33f (size before relaxing)
 .debug_str     0x000000000000057c       0x4a ../usb_kb_bsp/\libhal_bsp.a(altera_avalon_jtag_uart_ioctl.o)
                                        0x29a (size before relaxing)
 .debug_str     0x00000000000005c6       0x7f ../usb_kb_bsp/\libhal_bsp.a(altera_avalon_jtag_uart_read.o)
                                        0x2ef (size before relaxing)
 .debug_str     0x0000000000000645       0x4a ../usb_kb_bsp/\libhal_bsp.a(altera_avalon_jtag_uart_write.o)
                                        0x2f0 (size before relaxing)
 .debug_str     0x000000000000068f       0x59 ../usb_kb_bsp/\libhal_bsp.a(alt_alarm_start.o)
                                        0x285 (size before relaxing)
 .debug_str     0x00000000000006e8       0x44 ../usb_kb_bsp/\libhal_bsp.a(alt_close.o)
                                        0x212 (size before relaxing)
 .debug_str     0x000000000000072c       0x34 ../usb_kb_bsp/\libhal_bsp.a(alt_dcache_flush_all.o)
                                        0x15c (size before relaxing)
 .debug_str     0x0000000000000760      0x120 ../usb_kb_bsp/\libhal_bsp.a(alt_dev.o)
                                        0x30c (size before relaxing)
 .debug_str     0x0000000000000880       0x34 ../usb_kb_bsp/\libhal_bsp.a(alt_dev_llist_insert.o)
                                        0x1d3 (size before relaxing)
 .debug_str     0x00000000000008b4       0x48 ../usb_kb_bsp/\libhal_bsp.a(alt_do_ctors.o)
                                         0xd7 (size before relaxing)
 .debug_str     0x00000000000008fc       0x4c ../usb_kb_bsp/\libhal_bsp.a(alt_do_dtors.o)
                                         0xd6 (size before relaxing)
 .debug_str     0x0000000000000948       0x14 ../usb_kb_bsp/\libhal_bsp.a(alt_errno.o)
                                        0x14c (size before relaxing)
 .debug_str     0x000000000000095c       0x34 ../usb_kb_bsp/\libhal_bsp.a(alt_icache_flush_all.o)
                                        0x15c (size before relaxing)
 .debug_str     0x0000000000000990       0xc4 ../usb_kb_bsp/\libhal_bsp.a(alt_iic.o)
                                        0x245 (size before relaxing)
 .debug_str     0x0000000000000a54       0x4c ../usb_kb_bsp/\libhal_bsp.a(alt_iic_isr_register.o)
                                        0x1ef (size before relaxing)
 .debug_str     0x0000000000000aa0       0x56 ../usb_kb_bsp/\libhal_bsp.a(alt_io_redirect.o)
                                        0x31d (size before relaxing)
 .debug_str     0x0000000000000af6       0x3a ../usb_kb_bsp/\libhal_bsp.a(alt_irq_handler.o)
                                        0x19e (size before relaxing)
 .debug_str     0x0000000000000b30       0x17 ../usb_kb_bsp/\libhal_bsp.a(alt_irq_vars.o)
                                        0x141 (size before relaxing)
 .debug_str     0x0000000000000b47       0x2f ../usb_kb_bsp/\libhal_bsp.a(alt_open.o)
                                        0x252 (size before relaxing)
 .debug_str     0x0000000000000b76       0x28 ../usb_kb_bsp/\libhal_bsp.a(alt_release_fd.o)
                                        0x1da (size before relaxing)
 .debug_str     0x0000000000000b9e       0x4a ../usb_kb_bsp/\libhal_bsp.a(alt_tick.o)
                                        0x259 (size before relaxing)
 .debug_str     0x0000000000000be8       0x3b ../usb_kb_bsp/\libhal_bsp.a(altera_nios2_gen2_irq.o)
                                        0x163 (size before relaxing)
 .debug_str     0x0000000000000c23       0x24 ../usb_kb_bsp/\libhal_bsp.a(alt_find_dev.o)
                                        0x1f3 (size before relaxing)
 .debug_str     0x0000000000000c47       0x26 ../usb_kb_bsp/\libhal_bsp.a(alt_find_file.o)
                                        0x201 (size before relaxing)
 .debug_str     0x0000000000000c6d       0x30 ../usb_kb_bsp/\libhal_bsp.a(alt_get_fd.o)
                                        0x223 (size before relaxing)
 .debug_str     0x0000000000000c9d      0x48b ../usb_kb_bsp/\libhal_bsp.a(alt_instruction_exception_entry.o)
                                        0x5a7 (size before relaxing)
 .debug_str     0x0000000000001128      0x17c c:/intelfpga_lite/18.0/nios2eds/bin/gnu/h-x86_64-mingw32/bin/../lib/gcc/nios2-elf/5.3.0/../../../../../H-x86_64-mingw32/nios2-elf/lib/mno-hw-mul\libc.a(lib_a-atexit.o)
                                        0x221 (size before relaxing)
 .debug_str     0x00000000000012a4      0x3b5 c:/intelfpga_lite/18.0/nios2eds/bin/gnu/h-x86_64-mingw32/bin/../lib/gcc/nios2-elf/5.3.0/../../../../../H-x86_64-mingw32/nios2-elf/lib/mno-hw-mul\libc.a(lib_a-exit.o)
                                        0x5be (size before relaxing)
 .debug_str     0x0000000000001659       0xd6 c:/intelfpga_lite/18.0/nios2eds/bin/gnu/h-x86_64-mingw32/bin/../lib/gcc/nios2-elf/5.3.0/../../../../../H-x86_64-mingw32/nios2-elf/lib/mno-hw-mul\libc.a(lib_a-impure.o)
                                        0x5b5 (size before relaxing)
 .debug_str     0x000000000000172f       0x3f c:/intelfpga_lite/18.0/nios2eds/bin/gnu/h-x86_64-mingw32/bin/../lib/gcc/nios2-elf/5.3.0/../../../../../H-x86_64-mingw32/nios2-elf/lib/mno-hw-mul\libc.a(lib_a-int_errno.o)
                                        0x1dd (size before relaxing)
 .debug_str     0x000000000000176e       0xda c:/intelfpga_lite/18.0/nios2eds/bin/gnu/h-x86_64-mingw32/bin/../lib/gcc/nios2-elf/5.3.0/../../../../../H-x86_64-mingw32/nios2-elf/lib/mno-hw-mul\libc.a(lib_a-memcmp.o)
                                        0x1e4 (size before relaxing)
 .debug_str     0x0000000000001848       0x6b c:/intelfpga_lite/18.0/nios2eds/bin/gnu/h-x86_64-mingw32/bin/../lib/gcc/nios2-elf/5.3.0/../../../../../H-x86_64-mingw32/nios2-elf/lib/mno-hw-mul\libc.a(lib_a-memcpy.o)
                                        0x20b (size before relaxing)
 .debug_str     0x00000000000018b3       0x51 c:/intelfpga_lite/18.0/nios2eds/bin/gnu/h-x86_64-mingw32/bin/../lib/gcc/nios2-elf/5.3.0/../../../../../H-x86_64-mingw32/nios2-elf/lib/mno-hw-mul\libc.a(lib_a-strlen.o)
                                        0x1f7 (size before relaxing)
 .debug_str     0x0000000000001904       0x3f c:/intelfpga_lite/18.0/nios2eds/bin/gnu/h-x86_64-mingw32/bin/../lib/gcc/nios2-elf/5.3.0/../../../../../H-x86_64-mingw32/nios2-elf/lib/mno-hw-mul\libc.a(lib_a-__atexit.o)
                                        0x5f6 (size before relaxing)
 .debug_str     0x0000000000001943       0x65 c:/intelfpga_lite/18.0/nios2eds/bin/gnu/h-x86_64-mingw32/bin/../lib/gcc/nios2-elf/5.3.0/../../../../../H-x86_64-mingw32/nios2-elf/lib/mno-hw-mul\libc.a(lib_a-__call_atexit.o)
                                        0x5e2 (size before relaxing)
 .debug_str     0x00000000000019a8      0x148 c:/intelfpga_lite/18.0/nios2eds/bin/gnu/h-x86_64-mingw32/bin/../lib/gcc/nios2-elf/5.3.0/mno-hw-mul\libgcc.a(lib2-mul.o)
                                        0x193 (size before relaxing)
 .debug_str     0x0000000000001af0       0x2a ../usb_kb_bsp/\libhal_bsp.a(alt_exit.o)
                                        0x158 (size before relaxing)

.debug_loc      0x0000000000000000      0x803
 *(.debug_loc)
 .debug_loc     0x0000000000000000       0x2c c:/intelfpga_lite/18.0/nios2eds/bin/gnu/h-x86_64-mingw32/bin/../lib/gcc/nios2-elf/5.3.0/../../../../../H-x86_64-mingw32/nios2-elf/lib/mno-hw-mul\libc.a(lib_a-atexit.o)
 .debug_loc     0x000000000000002c       0x1e c:/intelfpga_lite/18.0/nios2eds/bin/gnu/h-x86_64-mingw32/bin/../lib/gcc/nios2-elf/5.3.0/../../../../../H-x86_64-mingw32/nios2-elf/lib/mno-hw-mul\libc.a(lib_a-exit.o)
 .debug_loc     0x000000000000004a      0x126 c:/intelfpga_lite/18.0/nios2eds/bin/gnu/h-x86_64-mingw32/bin/../lib/gcc/nios2-elf/5.3.0/../../../../../H-x86_64-mingw32/nios2-elf/lib/mno-hw-mul\libc.a(lib_a-memcmp.o)
 .debug_loc     0x0000000000000170      0x266 c:/intelfpga_lite/18.0/nios2eds/bin/gnu/h-x86_64-mingw32/bin/../lib/gcc/nios2-elf/5.3.0/../../../../../H-x86_64-mingw32/nios2-elf/lib/mno-hw-mul\libc.a(lib_a-memcpy.o)
 .debug_loc     0x00000000000003d6       0x47 c:/intelfpga_lite/18.0/nios2eds/bin/gnu/h-x86_64-mingw32/bin/../lib/gcc/nios2-elf/5.3.0/../../../../../H-x86_64-mingw32/nios2-elf/lib/mno-hw-mul\libc.a(lib_a-strlen.o)
 .debug_loc     0x000000000000041d      0x185 c:/intelfpga_lite/18.0/nios2eds/bin/gnu/h-x86_64-mingw32/bin/../lib/gcc/nios2-elf/5.3.0/../../../../../H-x86_64-mingw32/nios2-elf/lib/mno-hw-mul\libc.a(lib_a-__atexit.o)
 .debug_loc     0x00000000000005a2      0x1ce c:/intelfpga_lite/18.0/nios2eds/bin/gnu/h-x86_64-mingw32/bin/../lib/gcc/nios2-elf/5.3.0/../../../../../H-x86_64-mingw32/nios2-elf/lib/mno-hw-mul\libc.a(lib_a-__call_atexit.o)
 .debug_loc     0x0000000000000770       0x93 c:/intelfpga_lite/18.0/nios2eds/bin/gnu/h-x86_64-mingw32/bin/../lib/gcc/nios2-elf/5.3.0/mno-hw-mul\libgcc.a(lib2-mul.o)

.debug_macinfo
 *(.debug_macinfo)

.debug_weaknames
 *(.debug_weaknames)

.debug_funcnames
 *(.debug_funcnames)

.debug_typenames
 *(.debug_typenames)

.debug_varnames
 *(.debug_varnames)

.debug_alt_sim_info
                0x0000000000000000       0x10
 *(.debug_alt_sim_info)
 .debug_alt_sim_info
                0x0000000000000000       0x10 ../usb_kb_bsp//obj/HAL/src/crt0.o
                0x0000000018000000                __alt_data_end = 0x18000000
                0x0000000018000000                PROVIDE (__alt_stack_pointer, __alt_data_end)
                [!provide]                        PROVIDE (__alt_stack_limit, __alt_stack_base)
                [!provide]                        PROVIDE (__alt_heap_start, end)
                [!provide]                        PROVIDE (__alt_heap_limit, 0x18000000)
OUTPUT(usb_kb.elf elf32-littlenios2)

.debug_ranges   0x0000000000000000      0x178
 .debug_ranges  0x0000000000000000       0x20 ../usb_kb_bsp//obj/HAL/src/crt0.o
 .debug_ranges  0x0000000000000020       0x30 ../usb_kb_bsp/\libhal_bsp.a(altera_avalon_jtag_uart_init.o)
 .debug_ranges  0x0000000000000050       0x18 ../usb_kb_bsp/\libhal_bsp.a(altera_avalon_jtag_uart_read.o)
 .debug_ranges  0x0000000000000068       0x28 ../usb_kb_bsp/\libhal_bsp.a(alt_irq_entry.o)
 .debug_ranges  0x0000000000000090       0x10 ../usb_kb_bsp/\libhal_bsp.a(alt_irq_handler.o)
 .debug_ranges  0x00000000000000a0       0x30 ../usb_kb_bsp/\libhal_bsp.a(alt_exception_entry.o)
 .debug_ranges  0x00000000000000d0       0x18 ../usb_kb_bsp/\libhal_bsp.a(alt_instruction_exception_entry.o)
 .debug_ranges  0x00000000000000e8       0x10 c:/intelfpga_lite/18.0/nios2eds/bin/gnu/h-x86_64-mingw32/bin/../lib/gcc/nios2-elf/5.3.0/../../../../../H-x86_64-mingw32/nios2-elf/lib/mno-hw-mul\libc.a(lib_a-atexit.o)
 .debug_ranges  0x00000000000000f8       0x10 c:/intelfpga_lite/18.0/nios2eds/bin/gnu/h-x86_64-mingw32/bin/../lib/gcc/nios2-elf/5.3.0/../../../../../H-x86_64-mingw32/nios2-elf/lib/mno-hw-mul\libc.a(lib_a-exit.o)
 .debug_ranges  0x0000000000000108       0x10 c:/intelfpga_lite/18.0/nios2eds/bin/gnu/h-x86_64-mingw32/bin/../lib/gcc/nios2-elf/5.3.0/../../../../../H-x86_64-mingw32/nios2-elf/lib/mno-hw-mul\libc.a(lib_a-memcmp.o)
 .debug_ranges  0x0000000000000118       0x10 c:/intelfpga_lite/18.0/nios2eds/bin/gnu/h-x86_64-mingw32/bin/../lib/gcc/nios2-elf/5.3.0/../../../../../H-x86_64-mingw32/nios2-elf/lib/mno-hw-mul\libc.a(lib_a-memcpy.o)
 .debug_ranges  0x0000000000000128       0x10 c:/intelfpga_lite/18.0/nios2eds/bin/gnu/h-x86_64-mingw32/bin/../lib/gcc/nios2-elf/5.3.0/../../../../../H-x86_64-mingw32/nios2-elf/lib/mno-hw-mul\libc.a(lib_a-strlen.o)
 .debug_ranges  0x0000000000000138       0x10 c:/intelfpga_lite/18.0/nios2eds/bin/gnu/h-x86_64-mingw32/bin/../lib/gcc/nios2-elf/5.3.0/../../../../../H-x86_64-mingw32/nios2-elf/lib/mno-hw-mul\libc.a(lib_a-__atexit.o)
 .debug_ranges  0x0000000000000148       0x30 c:/intelfpga_lite/18.0/nios2eds/bin/gnu/h-x86_64-mingw32/bin/../lib/gcc/nios2-elf/5.3.0/../../../../../H-x86_64-mingw32/nios2-elf/lib/mno-hw-mul\libc.a(lib_a-__call_atexit.o)
